Archive member included to satisfy reference by file (symbol)

.\CortexM3\ARM_GCC_541\Debug\Sumo.a(PWM1.o)
                              .\CortexM3\ARM_GCC_541\Debug\main.o (PWM1_WriteCompare1)
.\CortexM3\ARM_GCC_541\Debug\Sumo.a(PWM2.o)
                              .\CortexM3\ARM_GCC_541\Debug\main.o (PWM2_WriteCompare1)
.\CortexM3\ARM_GCC_541\Debug\Sumo.a(STBY.o)
                              .\CortexM3\ARM_GCC_541\Debug\main.o (STBY_Write)
.\CortexM3\ARM_GCC_541\Debug\Sumo.a(Timer.o)
                              .\CortexM3\ARM_GCC_541\Debug\main.o (Timer_Start)
.\CortexM3\ARM_GCC_541\Debug\Sumo.a(Control.o)
                              .\CortexM3\ARM_GCC_541\Debug\main.o (Control_Write)
.\CortexM3\ARM_GCC_541\Debug\Sumo.a(Ekko.o)
                              .\CortexM3\ARM_GCC_541\Debug\main.o (Ekko_Read)
.\CortexM3\ARM_GCC_541\Debug\Sumo.a(S1.o)
                              .\CortexM3\ARM_GCC_541\Debug\main.o (S1_ClearInterrupt)
.\CortexM3\ARM_GCC_541\Debug\Sumo.a(S2.o)
                              .\CortexM3\ARM_GCC_541\Debug\main.o (S2_ClearInterrupt)
.\CortexM3\ARM_GCC_541\Debug\Sumo.a(CyLib.o)
                              .\CortexM3\ARM_GCC_541\Debug\Cm3Start.o (CyHalt)
.\CortexM3\ARM_GCC_541\Debug\Sumo.a(cyPm.o)
                              .\CortexM3\ARM_GCC_541\Debug\Sumo.a(CyLib.o) (CyPmReadStatus)
.\CortexM3\ARM_GCC_541\Debug\Sumo.a(Slinea.o)
                              .\CortexM3\ARM_GCC_541\Debug\main.o (Slinea_Write)
.\CortexM3\ARM_GCC_541\Debug\Sumo.a(LED.o)
                              .\CortexM3\ARM_GCC_541\Debug\main.o (LED_Write)
.\CortexM3\ARM_GCC_541\Debug\Sumo.a(Slinea1.o)
                              .\CortexM3\ARM_GCC_541\Debug\main.o (Slinea1_Write)
.\CortexM3\ARM_GCC_541\Debug\Sumo.a(LED1.o)
                              .\CortexM3\ARM_GCC_541\Debug\main.o (LED1_Write)
.\CortexM3\ARM_GCC_541\Debug\Sumo.a(LED2.o)
                              .\CortexM3\ARM_GCC_541\Debug\main.o (LED2_Write)
.\CortexM3\ARM_GCC_541\Debug\Sumo.a(CyBootAsmGnu.o)
                              .\CortexM3\ARM_GCC_541\Debug\cyfitter_cfg.o (CyDelayCycles)
.\CortexM3\ARM_GCC_541\Debug\Sumo.a(CyFlash.o)
                              .\CortexM3\ARM_GCC_541\Debug\Sumo.a(cyPm.o) (CyFlash_SetWaitCycles)
.\CortexM3\ARM_GCC_541\Debug\Sumo.a(CySpc.o)
                              .\CortexM3\ARM_GCC_541\Debug\Sumo.a(CyFlash.o) (CySpcStart)
c:/program files (x86)/cypress/psoc creator/4.2/psoc creator/import/gnu/arm/5.4.1/bin/../lib/gcc/arm-none-eabi/5.4.1/armv7-m\libgcc.a(_arm_addsubdf3.o)
                              .\CortexM3\ARM_GCC_541\Debug\main.o (__aeabi_i2d)
c:/program files (x86)/cypress/psoc creator/4.2/psoc creator/import/gnu/arm/5.4.1/bin/../lib/gcc/arm-none-eabi/5.4.1/armv7-m\libgcc.a(_arm_muldivdf3.o)
                              .\CortexM3\ARM_GCC_541\Debug\main.o (__aeabi_ddiv)
c:/program files (x86)/cypress/psoc creator/4.2/psoc creator/import/gnu/arm/5.4.1/bin/../lib/gcc/arm-none-eabi/5.4.1/armv7-m\libgcc.a(_arm_truncdfsf2.o)
                              .\CortexM3\ARM_GCC_541\Debug\main.o (__aeabi_d2f)
c:/program files (x86)/cypress/psoc creator/4.2/psoc creator/import/gnu/arm/5.4.1/bin/../lib/gcc/arm-none-eabi/5.4.1/armv7-m\libgcc.a(_arm_cmpsf2.o)
                              .\CortexM3\ARM_GCC_541\Debug\main.o (__aeabi_fcmplt)
c:/program files (x86)/cypress/psoc creator/4.2/psoc creator/import/gnu/arm/5.4.1/bin/../lib/gcc/arm-none-eabi/5.4.1/../../../../arm-none-eabi/lib/armv7-m\libg_nano.a(lib_a-errno.o)
                              .\CortexM3\ARM_GCC_541\Debug\Cm3Start.o (__errno)
c:/program files (x86)/cypress/psoc creator/4.2/psoc creator/import/gnu/arm/5.4.1/bin/../lib/gcc/arm-none-eabi/5.4.1/../../../../arm-none-eabi/lib/armv7-m\libg_nano.a(lib_a-exit.o)
                              c:/program files (x86)/cypress/psoc creator/4.2/psoc creator/import/gnu/arm/5.4.1/bin/../lib/gcc/arm-none-eabi/5.4.1/../../../../arm-none-eabi/lib/armv7-m/crt0.o (exit)
c:/program files (x86)/cypress/psoc creator/4.2/psoc creator/import/gnu/arm/5.4.1/bin/../lib/gcc/arm-none-eabi/5.4.1/../../../../arm-none-eabi/lib/armv7-m\libg_nano.a(lib_a-impure.o)
                              c:/program files (x86)/cypress/psoc creator/4.2/psoc creator/import/gnu/arm/5.4.1/bin/../lib/gcc/arm-none-eabi/5.4.1/../../../../arm-none-eabi/lib/armv7-m\libg_nano.a(lib_a-exit.o) (_global_impure_ptr)
c:/program files (x86)/cypress/psoc creator/4.2/psoc creator/import/gnu/arm/5.4.1/bin/../lib/gcc/arm-none-eabi/5.4.1/../../../../arm-none-eabi/lib/armv7-m\libg_nano.a(lib_a-init.o)
                              c:/program files (x86)/cypress/psoc creator/4.2/psoc creator/import/gnu/arm/5.4.1/bin/../lib/gcc/arm-none-eabi/5.4.1/../../../../arm-none-eabi/lib/armv7-m/crt0.o (__libc_init_array)
c:/program files (x86)/cypress/psoc creator/4.2/psoc creator/import/gnu/arm/5.4.1/bin/../lib/gcc/arm-none-eabi/5.4.1/../../../../arm-none-eabi/lib/armv7-m\libg_nano.a(lib_a-memcpy-stub.o)
                              .\CortexM3\ARM_GCC_541\Debug\cyfitter_cfg.o (memcpy)
c:/program files (x86)/cypress/psoc creator/4.2/psoc creator/import/gnu/arm/5.4.1/bin/../lib/gcc/arm-none-eabi/5.4.1/../../../../arm-none-eabi/lib/armv7-m\libg_nano.a(lib_a-memset.o)
                              c:/program files (x86)/cypress/psoc creator/4.2/psoc creator/import/gnu/arm/5.4.1/bin/../lib/gcc/arm-none-eabi/5.4.1/../../../../arm-none-eabi/lib/armv7-m/crt0.o (memset)

Allocating common symbols
Common symbol       size              file

dieTemperature      0x2               .\CortexM3\ARM_GCC_541\Debug\Sumo.a(CyFlash.o)

Discarded input sections

 .text          0x00000000        0x0 c:/program files (x86)/cypress/psoc creator/4.2/psoc creator/import/gnu/arm/5.4.1/bin/../lib/gcc/arm-none-eabi/5.4.1/armv7-m/crti.o
 .data          0x00000000        0x0 c:/program files (x86)/cypress/psoc creator/4.2/psoc creator/import/gnu/arm/5.4.1/bin/../lib/gcc/arm-none-eabi/5.4.1/armv7-m/crti.o
 .bss           0x00000000        0x0 c:/program files (x86)/cypress/psoc creator/4.2/psoc creator/import/gnu/arm/5.4.1/bin/../lib/gcc/arm-none-eabi/5.4.1/armv7-m/crti.o
 .data          0x00000000        0x4 c:/program files (x86)/cypress/psoc creator/4.2/psoc creator/import/gnu/arm/5.4.1/bin/../lib/gcc/arm-none-eabi/5.4.1/armv7-m/crtbegin.o
 .text          0x00000000       0x74 c:/program files (x86)/cypress/psoc creator/4.2/psoc creator/import/gnu/arm/5.4.1/bin/../lib/gcc/arm-none-eabi/5.4.1/../../../../arm-none-eabi/lib/armv7-m/crt0.o
 .data          0x00000000        0x0 c:/program files (x86)/cypress/psoc creator/4.2/psoc creator/import/gnu/arm/5.4.1/bin/../lib/gcc/arm-none-eabi/5.4.1/../../../../arm-none-eabi/lib/armv7-m/crt0.o
 .bss           0x00000000        0x0 c:/program files (x86)/cypress/psoc creator/4.2/psoc creator/import/gnu/arm/5.4.1/bin/../lib/gcc/arm-none-eabi/5.4.1/../../../../arm-none-eabi/lib/armv7-m/crt0.o
 .ARM.extab     0x00000000        0x0 c:/program files (x86)/cypress/psoc creator/4.2/psoc creator/import/gnu/arm/5.4.1/bin/../lib/gcc/arm-none-eabi/5.4.1/../../../../arm-none-eabi/lib/armv7-m/crt0.o
 .ARM.exidx     0x00000000        0x8 c:/program files (x86)/cypress/psoc creator/4.2/psoc creator/import/gnu/arm/5.4.1/bin/../lib/gcc/arm-none-eabi/5.4.1/../../../../arm-none-eabi/lib/armv7-m/crt0.o
 .text          0x00000000        0x0 .\CortexM3\ARM_GCC_541\Debug\main.o
 .text.Stop     0x00000000        0xc .\CortexM3\ARM_GCC_541\Debug\main.o
 .text.Sensor_1
                0x00000000       0x14 .\CortexM3\ARM_GCC_541\Debug\main.o
 .text.Sensor_2
                0x00000000       0x14 .\CortexM3\ARM_GCC_541\Debug\main.o
 .text          0x00000000        0x0 .\CortexM3\ARM_GCC_541\Debug\cyfitter_cfg.o
 .data          0x00000000        0x0 .\CortexM3\ARM_GCC_541\Debug\cyfitter_cfg.o
 .bss           0x00000000        0x0 .\CortexM3\ARM_GCC_541\Debug\cyfitter_cfg.o
 .text.SetAnalogRoutingPumps
                0x00000000       0x10 .\CortexM3\ARM_GCC_541\Debug\cyfitter_cfg.o
 .text          0x00000000        0x0 .\CortexM3\ARM_GCC_541\Debug\cymetadata.o
 .data          0x00000000        0x0 .\CortexM3\ARM_GCC_541\Debug\cymetadata.o
 .bss           0x00000000        0x0 .\CortexM3\ARM_GCC_541\Debug\cymetadata.o
 .text          0x00000000        0x0 .\CortexM3\ARM_GCC_541\Debug\Cm3Start.o
 .data          0x00000000        0x4 .\CortexM3\ARM_GCC_541\Debug\Cm3Start.o
 .bss           0x00000000        0x0 .\CortexM3\ARM_GCC_541\Debug\Cm3Start.o
 .text._exit    0x00000000        0xc .\CortexM3\ARM_GCC_541\Debug\Cm3Start.o
 .text._sbrk    0x00000000       0x30 .\CortexM3\ARM_GCC_541\Debug\Cm3Start.o
 .text          0x00000000        0x0 .\CortexM3\ARM_GCC_541\Debug\Sumo.a(PWM1.o)
 .data          0x00000000        0x0 .\CortexM3\ARM_GCC_541\Debug\Sumo.a(PWM1.o)
 .text.PWM1_Stop
                0x00000000       0x10 .\CortexM3\ARM_GCC_541\Debug\Sumo.a(PWM1.o)
 .text.PWM1_ReadCounter
                0x00000000       0x14 .\CortexM3\ARM_GCC_541\Debug\Sumo.a(PWM1.o)
 .text.PWM1_ReadControlRegister
                0x00000000        0xc .\CortexM3\ARM_GCC_541\Debug\Sumo.a(PWM1.o)
 .text.PWM1_WriteControlRegister
                0x00000000        0xc .\CortexM3\ARM_GCC_541\Debug\Sumo.a(PWM1.o)
 .text.PWM1_ReadCompare1
                0x00000000        0xc .\CortexM3\ARM_GCC_541\Debug\Sumo.a(PWM1.o)
 .text.PWM1_ReadCompare2
                0x00000000        0xc .\CortexM3\ARM_GCC_541\Debug\Sumo.a(PWM1.o)
 .text.PWM1_ReadPeriod
                0x00000000        0xc .\CortexM3\ARM_GCC_541\Debug\Sumo.a(PWM1.o)
 .text          0x00000000        0x0 .\CortexM3\ARM_GCC_541\Debug\Sumo.a(PWM2.o)
 .data          0x00000000        0x0 .\CortexM3\ARM_GCC_541\Debug\Sumo.a(PWM2.o)
 .text.PWM2_Stop
                0x00000000       0x10 .\CortexM3\ARM_GCC_541\Debug\Sumo.a(PWM2.o)
 .text.PWM2_ReadCounter
                0x00000000       0x14 .\CortexM3\ARM_GCC_541\Debug\Sumo.a(PWM2.o)
 .text.PWM2_ReadControlRegister
                0x00000000        0xc .\CortexM3\ARM_GCC_541\Debug\Sumo.a(PWM2.o)
 .text.PWM2_WriteControlRegister
                0x00000000        0xc .\CortexM3\ARM_GCC_541\Debug\Sumo.a(PWM2.o)
 .text.PWM2_ReadCompare1
                0x00000000        0xc .\CortexM3\ARM_GCC_541\Debug\Sumo.a(PWM2.o)
 .text.PWM2_ReadCompare2
                0x00000000        0xc .\CortexM3\ARM_GCC_541\Debug\Sumo.a(PWM2.o)
 .text.PWM2_ReadPeriod
                0x00000000        0xc .\CortexM3\ARM_GCC_541\Debug\Sumo.a(PWM2.o)
 .text          0x00000000        0x0 .\CortexM3\ARM_GCC_541\Debug\Sumo.a(STBY.o)
 .data          0x00000000        0x0 .\CortexM3\ARM_GCC_541\Debug\Sumo.a(STBY.o)
 .bss           0x00000000        0x0 .\CortexM3\ARM_GCC_541\Debug\Sumo.a(STBY.o)
 .text.STBY_SetDriveMode
                0x00000000       0x18 .\CortexM3\ARM_GCC_541\Debug\Sumo.a(STBY.o)
 .text.STBY_Read
                0x00000000       0x10 .\CortexM3\ARM_GCC_541\Debug\Sumo.a(STBY.o)
 .text.STBY_ReadDataReg
                0x00000000       0x10 .\CortexM3\ARM_GCC_541\Debug\Sumo.a(STBY.o)
 .text          0x00000000        0x0 .\CortexM3\ARM_GCC_541\Debug\Sumo.a(Timer.o)
 .data          0x00000000        0x0 .\CortexM3\ARM_GCC_541\Debug\Sumo.a(Timer.o)
 .text.Timer_Stop
                0x00000000       0x28 .\CortexM3\ARM_GCC_541\Debug\Sumo.a(Timer.o)
 .text.Timer_SoftwareCapture
                0x00000000        0xc .\CortexM3\ARM_GCC_541\Debug\Sumo.a(Timer.o)
 .text.Timer_ReadStatusRegister
                0x00000000        0xc .\CortexM3\ARM_GCC_541\Debug\Sumo.a(Timer.o)
 .text.Timer_ReadControlRegister
                0x00000000        0xc .\CortexM3\ARM_GCC_541\Debug\Sumo.a(Timer.o)
 .text.Timer_WriteControlRegister
                0x00000000        0xc .\CortexM3\ARM_GCC_541\Debug\Sumo.a(Timer.o)
 .text.Timer_ReadPeriod
                0x00000000        0xc .\CortexM3\ARM_GCC_541\Debug\Sumo.a(Timer.o)
 .text.Timer_ReadCapture
                0x00000000        0xc .\CortexM3\ARM_GCC_541\Debug\Sumo.a(Timer.o)
 .text          0x00000000        0x0 .\CortexM3\ARM_GCC_541\Debug\Sumo.a(Control.o)
 .data          0x00000000        0x0 .\CortexM3\ARM_GCC_541\Debug\Sumo.a(Control.o)
 .bss           0x00000000        0x0 .\CortexM3\ARM_GCC_541\Debug\Sumo.a(Control.o)
 .text.Control_Read
                0x00000000        0xc .\CortexM3\ARM_GCC_541\Debug\Sumo.a(Control.o)
 .text          0x00000000        0x0 .\CortexM3\ARM_GCC_541\Debug\Sumo.a(Ekko.o)
 .data          0x00000000        0x0 .\CortexM3\ARM_GCC_541\Debug\Sumo.a(Ekko.o)
 .bss           0x00000000        0x0 .\CortexM3\ARM_GCC_541\Debug\Sumo.a(Ekko.o)
 .text.Ekko_Write
                0x00000000       0x18 .\CortexM3\ARM_GCC_541\Debug\Sumo.a(Ekko.o)
 .text.Ekko_SetDriveMode
                0x00000000       0x18 .\CortexM3\ARM_GCC_541\Debug\Sumo.a(Ekko.o)
 .text.Ekko_ReadDataReg
                0x00000000       0x10 .\CortexM3\ARM_GCC_541\Debug\Sumo.a(Ekko.o)
 .text          0x00000000        0x0 .\CortexM3\ARM_GCC_541\Debug\Sumo.a(S1.o)
 .data          0x00000000        0x0 .\CortexM3\ARM_GCC_541\Debug\Sumo.a(S1.o)
 .bss           0x00000000        0x0 .\CortexM3\ARM_GCC_541\Debug\Sumo.a(S1.o)
 .text.S1_Write
                0x00000000       0x18 .\CortexM3\ARM_GCC_541\Debug\Sumo.a(S1.o)
 .text.S1_SetDriveMode
                0x00000000       0x18 .\CortexM3\ARM_GCC_541\Debug\Sumo.a(S1.o)
 .text.S1_Read  0x00000000        0xc .\CortexM3\ARM_GCC_541\Debug\Sumo.a(S1.o)
 .text.S1_ReadDataReg
                0x00000000        0xc .\CortexM3\ARM_GCC_541\Debug\Sumo.a(S1.o)
 .text.S1_SetInterruptMode
                0x00000000       0x14 .\CortexM3\ARM_GCC_541\Debug\Sumo.a(S1.o)
 .text.S1_ClearInterrupt
                0x00000000        0xc .\CortexM3\ARM_GCC_541\Debug\Sumo.a(S1.o)
 .text          0x00000000        0x0 .\CortexM3\ARM_GCC_541\Debug\Sumo.a(S2.o)
 .data          0x00000000        0x0 .\CortexM3\ARM_GCC_541\Debug\Sumo.a(S2.o)
 .bss           0x00000000        0x0 .\CortexM3\ARM_GCC_541\Debug\Sumo.a(S2.o)
 .text.S2_Write
                0x00000000       0x18 .\CortexM3\ARM_GCC_541\Debug\Sumo.a(S2.o)
 .text.S2_SetDriveMode
                0x00000000       0x18 .\CortexM3\ARM_GCC_541\Debug\Sumo.a(S2.o)
 .text.S2_Read  0x00000000       0x10 .\CortexM3\ARM_GCC_541\Debug\Sumo.a(S2.o)
 .text.S2_ReadDataReg
                0x00000000       0x10 .\CortexM3\ARM_GCC_541\Debug\Sumo.a(S2.o)
 .text.S2_SetInterruptMode
                0x00000000       0x14 .\CortexM3\ARM_GCC_541\Debug\Sumo.a(S2.o)
 .text.S2_ClearInterrupt
                0x00000000       0x10 .\CortexM3\ARM_GCC_541\Debug\Sumo.a(S2.o)
 .text          0x00000000        0x0 .\CortexM3\ARM_GCC_541\Debug\Sumo.a(CyLib.o)
 .bss           0x00000000       0x1c .\CortexM3\ARM_GCC_541\Debug\Sumo.a(CyLib.o)
 .text.CyUSB_PowerOnCheck
                0x00000000       0x48 .\CortexM3\ARM_GCC_541\Debug\Sumo.a(CyLib.o)
 .text.CyBusClk_Internal_SetDivider
                0x00000000       0x48 .\CortexM3\ARM_GCC_541\Debug\Sumo.a(CyLib.o)
 .text.CyPLL_OUT_Stop
                0x00000000       0x10 .\CortexM3\ARM_GCC_541\Debug\Sumo.a(CyLib.o)
 .text.CyIMO_Stop
                0x00000000       0x1c .\CortexM3\ARM_GCC_541\Debug\Sumo.a(CyLib.o)
 .text.CyIMO_EnableDoubler
                0x00000000       0x10 .\CortexM3\ARM_GCC_541\Debug\Sumo.a(CyLib.o)
 .text.CyIMO_DisableDoubler
                0x00000000       0x10 .\CortexM3\ARM_GCC_541\Debug\Sumo.a(CyLib.o)
 .text.CyMasterClk_SetSource
                0x00000000       0x18 .\CortexM3\ARM_GCC_541\Debug\Sumo.a(CyLib.o)
 .text.CyMasterClk_SetDivider
                0x00000000        0xc .\CortexM3\ARM_GCC_541\Debug\Sumo.a(CyLib.o)
 .text.CyBusClk_SetDivider
                0x00000000       0x70 .\CortexM3\ARM_GCC_541\Debug\Sumo.a(CyLib.o)
 .text.CyUsbClk_SetSource
                0x00000000       0x18 .\CortexM3\ARM_GCC_541\Debug\Sumo.a(CyLib.o)
 .text.CyILO_Start1K
                0x00000000       0x10 .\CortexM3\ARM_GCC_541\Debug\Sumo.a(CyLib.o)
 .text.CyILO_Stop1K
                0x00000000       0x10 .\CortexM3\ARM_GCC_541\Debug\Sumo.a(CyLib.o)
 .text.CyILO_Start100K
                0x00000000       0x10 .\CortexM3\ARM_GCC_541\Debug\Sumo.a(CyLib.o)
 .text.CyILO_Stop100K
                0x00000000       0x10 .\CortexM3\ARM_GCC_541\Debug\Sumo.a(CyLib.o)
 .text.CyPLL_OUT_Start
                0x00000000       0x78 .\CortexM3\ARM_GCC_541\Debug\Sumo.a(CyLib.o)
 .text.CyIMO_Start
                0x00000000       0x60 .\CortexM3\ARM_GCC_541\Debug\Sumo.a(CyLib.o)
 .text.CyILO_Enable33K
                0x00000000       0x10 .\CortexM3\ARM_GCC_541\Debug\Sumo.a(CyLib.o)
 .text.CyILO_Disable33K
                0x00000000       0x10 .\CortexM3\ARM_GCC_541\Debug\Sumo.a(CyLib.o)
 .text.CyILO_SetSource
                0x00000000       0x18 .\CortexM3\ARM_GCC_541\Debug\Sumo.a(CyLib.o)
 .text.CyILO_SetPowerMode
                0x00000000       0x24 .\CortexM3\ARM_GCC_541\Debug\Sumo.a(CyLib.o)
 .text.CyXTAL_32KHZ_Stop
                0x00000000       0x30 .\CortexM3\ARM_GCC_541\Debug\Sumo.a(CyLib.o)
 .text.CyXTAL_32KHZ_ReadStatus
                0x00000000       0x10 .\CortexM3\ARM_GCC_541\Debug\Sumo.a(CyLib.o)
 .text.CyXTAL_Start
                0x00000000       0xac .\CortexM3\ARM_GCC_541\Debug\Sumo.a(CyLib.o)
 .text.CyXTAL_Stop
                0x00000000       0x10 .\CortexM3\ARM_GCC_541\Debug\Sumo.a(CyLib.o)
 .text.CyXTAL_EnableErrStatus
                0x00000000       0x10 .\CortexM3\ARM_GCC_541\Debug\Sumo.a(CyLib.o)
 .text.CyXTAL_DisableErrStatus
                0x00000000       0x10 .\CortexM3\ARM_GCC_541\Debug\Sumo.a(CyLib.o)
 .text.CyXTAL_ReadStatus
                0x00000000       0x18 .\CortexM3\ARM_GCC_541\Debug\Sumo.a(CyLib.o)
 .text.CyXTAL_EnableFaultRecovery
                0x00000000       0x10 .\CortexM3\ARM_GCC_541\Debug\Sumo.a(CyLib.o)
 .text.CyXTAL_DisableFaultRecovery
                0x00000000       0x10 .\CortexM3\ARM_GCC_541\Debug\Sumo.a(CyLib.o)
 .text.CyXTAL_SetStartup
                0x00000000       0x18 .\CortexM3\ARM_GCC_541\Debug\Sumo.a(CyLib.o)
 .text.CyXTAL_SetFbVoltage
                0x00000000       0x18 .\CortexM3\ARM_GCC_541\Debug\Sumo.a(CyLib.o)
 .text.CyXTAL_SetWdVoltage
                0x00000000       0x18 .\CortexM3\ARM_GCC_541\Debug\Sumo.a(CyLib.o)
 .text.CyHalt   0x00000000        0x4 .\CortexM3\ARM_GCC_541\Debug\Sumo.a(CyLib.o)
 .text.CyPLL_OUT_SetPQ
                0x00000000       0x60 .\CortexM3\ARM_GCC_541\Debug\Sumo.a(CyLib.o)
 .text.CyPLL_OUT_SetSource
                0x00000000       0x34 .\CortexM3\ARM_GCC_541\Debug\Sumo.a(CyLib.o)
 .text.CyIMO_SetTrimValue
                0x00000000       0xcc .\CortexM3\ARM_GCC_541\Debug\Sumo.a(CyLib.o)
 .text.CyIMO_SetFreq
                0x00000000       0xf4 .\CortexM3\ARM_GCC_541\Debug\Sumo.a(CyLib.o)
 .text.CyIMO_SetSource
                0x00000000       0x58 .\CortexM3\ARM_GCC_541\Debug\Sumo.a(CyLib.o)
 .text.CySoftwareReset
                0x00000000       0x10 .\CortexM3\ARM_GCC_541\Debug\Sumo.a(CyLib.o)
 .text.CyDelayUs
                0x00000000       0x14 .\CortexM3\ARM_GCC_541\Debug\Sumo.a(CyLib.o)
 .text.CyXTAL_32KHZ_SetPowerMode
                0x00000000       0x84 .\CortexM3\ARM_GCC_541\Debug\Sumo.a(CyLib.o)
 .text.CyXTAL_32KHZ_Start
                0x00000000       0x74 .\CortexM3\ARM_GCC_541\Debug\Sumo.a(CyLib.o)
 .text.CyDelayFreq
                0x00000000       0x4c .\CortexM3\ARM_GCC_541\Debug\Sumo.a(CyLib.o)
 .text.CyWdtStart
                0x00000000       0x40 .\CortexM3\ARM_GCC_541\Debug\Sumo.a(CyLib.o)
 .text.CyWdtClear
                0x00000000        0xc .\CortexM3\ARM_GCC_541\Debug\Sumo.a(CyLib.o)
 .text.CyVdStickyStatus
                0x00000000       0x2c .\CortexM3\ARM_GCC_541\Debug\Sumo.a(CyLib.o)
 .text.CyVdLvDigitEnable
                0x00000000       0x84 .\CortexM3\ARM_GCC_541\Debug\Sumo.a(CyLib.o)
 .text.CyVdLvAnalogEnable
                0x00000000       0x80 .\CortexM3\ARM_GCC_541\Debug\Sumo.a(CyLib.o)
 .text.CyVdLvDigitDisable
                0x00000000       0x30 .\CortexM3\ARM_GCC_541\Debug\Sumo.a(CyLib.o)
 .text.CyVdLvAnalogDisable
                0x00000000       0x28 .\CortexM3\ARM_GCC_541\Debug\Sumo.a(CyLib.o)
 .text.CyVdHvAnalogEnable
                0x00000000       0x54 .\CortexM3\ARM_GCC_541\Debug\Sumo.a(CyLib.o)
 .text.CyVdHvAnalogDisable
                0x00000000       0x20 .\CortexM3\ARM_GCC_541\Debug\Sumo.a(CyLib.o)
 .text.CyVdRealTimeStatus
                0x00000000       0x1c .\CortexM3\ARM_GCC_541\Debug\Sumo.a(CyLib.o)
 .text.CyDisableInts
                0x00000000       0x1c .\CortexM3\ARM_GCC_541\Debug\Sumo.a(CyLib.o)
 .text.CyEnableInts
                0x00000000       0x18 .\CortexM3\ARM_GCC_541\Debug\Sumo.a(CyLib.o)
 .text.CyFlushCache
                0x00000000       0x44 .\CortexM3\ARM_GCC_541\Debug\Sumo.a(CyLib.o)
 .text.CyIntSetSysVector
                0x00000000       0x28 .\CortexM3\ARM_GCC_541\Debug\Sumo.a(CyLib.o)
 .text.CyIntGetSysVector
                0x00000000       0x20 .\CortexM3\ARM_GCC_541\Debug\Sumo.a(CyLib.o)
 .text.CyIntSetVector
                0x00000000       0x28 .\CortexM3\ARM_GCC_541\Debug\Sumo.a(CyLib.o)
 .text.CyIntGetVector
                0x00000000       0x24 .\CortexM3\ARM_GCC_541\Debug\Sumo.a(CyLib.o)
 .text.CyIntSetPriority
                0x00000000       0x30 .\CortexM3\ARM_GCC_541\Debug\Sumo.a(CyLib.o)
 .text.CyIntGetPriority
                0x00000000       0x20 .\CortexM3\ARM_GCC_541\Debug\Sumo.a(CyLib.o)
 .text.CyIntGetState
                0x00000000       0x24 .\CortexM3\ARM_GCC_541\Debug\Sumo.a(CyLib.o)
 .text.CySysTickStop
                0x00000000       0x10 .\CortexM3\ARM_GCC_541\Debug\Sumo.a(CyLib.o)
 .text.CySysTickEnableInterrupt
                0x00000000       0x10 .\CortexM3\ARM_GCC_541\Debug\Sumo.a(CyLib.o)
 .text.CySysTickEnable
                0x00000000       0x18 .\CortexM3\ARM_GCC_541\Debug\Sumo.a(CyLib.o)
 .text.CySysTickDisableInterrupt
                0x00000000       0x10 .\CortexM3\ARM_GCC_541\Debug\Sumo.a(CyLib.o)
 .text.CySysTickSetReload
                0x00000000       0x10 .\CortexM3\ARM_GCC_541\Debug\Sumo.a(CyLib.o)
 .text.CySysTickGetReload
                0x00000000       0x10 .\CortexM3\ARM_GCC_541\Debug\Sumo.a(CyLib.o)
 .text.CySysTickGetValue
                0x00000000       0x10 .\CortexM3\ARM_GCC_541\Debug\Sumo.a(CyLib.o)
 .text.CySysTickSetClockSource
                0x00000000       0x20 .\CortexM3\ARM_GCC_541\Debug\Sumo.a(CyLib.o)
 .text.CySysTickGetClockSource
                0x00000000       0x10 .\CortexM3\ARM_GCC_541\Debug\Sumo.a(CyLib.o)
 .text.CySysTickGetCountFlag
                0x00000000       0x10 .\CortexM3\ARM_GCC_541\Debug\Sumo.a(CyLib.o)
 .text.CySysTickServiceCallbacks
                0x00000000       0x28 .\CortexM3\ARM_GCC_541\Debug\Sumo.a(CyLib.o)
 .text.CySysTickClear
                0x00000000        0xc .\CortexM3\ARM_GCC_541\Debug\Sumo.a(CyLib.o)
 .text.CySysTickInit
                0x00000000       0x58 .\CortexM3\ARM_GCC_541\Debug\Sumo.a(CyLib.o)
 .text.CySysTickStart
                0x00000000       0x1c .\CortexM3\ARM_GCC_541\Debug\Sumo.a(CyLib.o)
 .text.CySysTickSetCallback
                0x00000000       0x10 .\CortexM3\ARM_GCC_541\Debug\Sumo.a(CyLib.o)
 .text.CySysTickGetCallback
                0x00000000       0x10 .\CortexM3\ARM_GCC_541\Debug\Sumo.a(CyLib.o)
 .text.CyGetUniqueId
                0x00000000       0x70 .\CortexM3\ARM_GCC_541\Debug\Sumo.a(CyLib.o)
 .text          0x00000000        0x0 .\CortexM3\ARM_GCC_541\Debug\Sumo.a(cyPm.o)
 .data          0x00000000        0x0 .\CortexM3\ARM_GCC_541\Debug\Sumo.a(cyPm.o)
 .bss           0x00000000       0x43 .\CortexM3\ARM_GCC_541\Debug\Sumo.a(cyPm.o)
 .text.CyPmHibSlpSaveSet
                0x00000000      0x1dc .\CortexM3\ARM_GCC_541\Debug\Sumo.a(cyPm.o)
 .text.CyPmHibSlpRestore
                0x00000000       0xd8 .\CortexM3\ARM_GCC_541\Debug\Sumo.a(cyPm.o)
 .text.CyPmHviLviSaveDisable
                0x00000000       0xa0 .\CortexM3\ARM_GCC_541\Debug\Sumo.a(cyPm.o)
 .text.CyPmHibSaveSet
                0x00000000       0x98 .\CortexM3\ARM_GCC_541\Debug\Sumo.a(cyPm.o)
 .text.CyPmHviLviRestore
                0x00000000       0x48 .\CortexM3\ARM_GCC_541\Debug\Sumo.a(cyPm.o)
 .text.CyPmHibRestore
                0x00000000       0x60 .\CortexM3\ARM_GCC_541\Debug\Sumo.a(cyPm.o)
 .text.CyPmSaveClocks
                0x00000000      0x218 .\CortexM3\ARM_GCC_541\Debug\Sumo.a(cyPm.o)
 .text.CyPmRestoreClocks
                0x00000000      0x24c .\CortexM3\ARM_GCC_541\Debug\Sumo.a(cyPm.o)
 .text.CyPmAltAct
                0x00000000       0x6c .\CortexM3\ARM_GCC_541\Debug\Sumo.a(cyPm.o)
 .text.CyPmSleep
                0x00000000       0xf4 .\CortexM3\ARM_GCC_541\Debug\Sumo.a(cyPm.o)
 .text.CyPmHibernateEx
                0x00000000       0xf4 .\CortexM3\ARM_GCC_541\Debug\Sumo.a(cyPm.o)
 .text.CyPmHibernate
                0x00000000        0xc .\CortexM3\ARM_GCC_541\Debug\Sumo.a(cyPm.o)
 .text.CyPmReadStatus
                0x00000000       0x30 .\CortexM3\ARM_GCC_541\Debug\Sumo.a(cyPm.o)
 .text.CyPmCtwSetInterval
                0x00000000       0x5c .\CortexM3\ARM_GCC_541\Debug\Sumo.a(cyPm.o)
 .text.CyPmOppsSet
                0x00000000       0x2c .\CortexM3\ARM_GCC_541\Debug\Sumo.a(cyPm.o)
 .text.CyPmFtwSetInterval
                0x00000000       0x5c .\CortexM3\ARM_GCC_541\Debug\Sumo.a(cyPm.o)
 .rodata        0x00000000        0xf .\CortexM3\ARM_GCC_541\Debug\Sumo.a(cyPm.o)
 .text          0x00000000        0x0 .\CortexM3\ARM_GCC_541\Debug\Sumo.a(Slinea.o)
 .data          0x00000000        0x0 .\CortexM3\ARM_GCC_541\Debug\Sumo.a(Slinea.o)
 .bss           0x00000000        0x0 .\CortexM3\ARM_GCC_541\Debug\Sumo.a(Slinea.o)
 .text.Slinea_ReadDataReg
                0x00000000       0x10 .\CortexM3\ARM_GCC_541\Debug\Sumo.a(Slinea.o)
 .text          0x00000000        0x0 .\CortexM3\ARM_GCC_541\Debug\Sumo.a(LED.o)
 .data          0x00000000        0x0 .\CortexM3\ARM_GCC_541\Debug\Sumo.a(LED.o)
 .bss           0x00000000        0x0 .\CortexM3\ARM_GCC_541\Debug\Sumo.a(LED.o)
 .text.LED_SetDriveMode
                0x00000000       0x18 .\CortexM3\ARM_GCC_541\Debug\Sumo.a(LED.o)
 .text.LED_Read
                0x00000000       0x10 .\CortexM3\ARM_GCC_541\Debug\Sumo.a(LED.o)
 .text.LED_ReadDataReg
                0x00000000       0x10 .\CortexM3\ARM_GCC_541\Debug\Sumo.a(LED.o)
 .text          0x00000000        0x0 .\CortexM3\ARM_GCC_541\Debug\Sumo.a(Slinea1.o)
 .data          0x00000000        0x0 .\CortexM3\ARM_GCC_541\Debug\Sumo.a(Slinea1.o)
 .bss           0x00000000        0x0 .\CortexM3\ARM_GCC_541\Debug\Sumo.a(Slinea1.o)
 .text.Slinea1_ReadDataReg
                0x00000000       0x10 .\CortexM3\ARM_GCC_541\Debug\Sumo.a(Slinea1.o)
 .text          0x00000000        0x0 .\CortexM3\ARM_GCC_541\Debug\Sumo.a(LED1.o)
 .data          0x00000000        0x0 .\CortexM3\ARM_GCC_541\Debug\Sumo.a(LED1.o)
 .bss           0x00000000        0x0 .\CortexM3\ARM_GCC_541\Debug\Sumo.a(LED1.o)
 .text.LED1_SetDriveMode
                0x00000000       0x18 .\CortexM3\ARM_GCC_541\Debug\Sumo.a(LED1.o)
 .text.LED1_Read
                0x00000000       0x10 .\CortexM3\ARM_GCC_541\Debug\Sumo.a(LED1.o)
 .text.LED1_ReadDataReg
                0x00000000       0x10 .\CortexM3\ARM_GCC_541\Debug\Sumo.a(LED1.o)
 .text          0x00000000        0x0 .\CortexM3\ARM_GCC_541\Debug\Sumo.a(LED2.o)
 .data          0x00000000        0x0 .\CortexM3\ARM_GCC_541\Debug\Sumo.a(LED2.o)
 .bss           0x00000000        0x0 .\CortexM3\ARM_GCC_541\Debug\Sumo.a(LED2.o)
 .text.LED2_SetDriveMode
                0x00000000       0x18 .\CortexM3\ARM_GCC_541\Debug\Sumo.a(LED2.o)
 .text.LED2_Read
                0x00000000       0x10 .\CortexM3\ARM_GCC_541\Debug\Sumo.a(LED2.o)
 .text.LED2_ReadDataReg
                0x00000000       0x10 .\CortexM3\ARM_GCC_541\Debug\Sumo.a(LED2.o)
 .data          0x00000000        0x0 .\CortexM3\ARM_GCC_541\Debug\Sumo.a(CyBootAsmGnu.o)
 .bss           0x00000000        0x0 .\CortexM3\ARM_GCC_541\Debug\Sumo.a(CyBootAsmGnu.o)
 .text          0x00000000        0x0 .\CortexM3\ARM_GCC_541\Debug\Sumo.a(CyFlash.o)
 .data          0x00000000        0x0 .\CortexM3\ARM_GCC_541\Debug\Sumo.a(CyFlash.o)
 .bss           0x00000000        0x0 .\CortexM3\ARM_GCC_541\Debug\Sumo.a(CyFlash.o)
 .text.CySetTempInt
                0x00000000       0x60 .\CortexM3\ARM_GCC_541\Debug\Sumo.a(CyFlash.o)
 .text.CyFlash_Start
                0x00000000       0x54 .\CortexM3\ARM_GCC_541\Debug\Sumo.a(CyFlash.o)
 .text.CyFlash_Stop
                0x00000000       0x24 .\CortexM3\ARM_GCC_541\Debug\Sumo.a(CyFlash.o)
 .text.CyFlash_EraseRow
                0x00000000       0x78 .\CortexM3\ARM_GCC_541\Debug\Sumo.a(CyFlash.o)
 .text.CyFlashGetSpcAlgorithm
                0x00000000       0x4c .\CortexM3\ARM_GCC_541\Debug\Sumo.a(CyFlash.o)
 .text.CySetTemp
                0x00000000       0x14 .\CortexM3\ARM_GCC_541\Debug\Sumo.a(CyFlash.o)
 .text.CySetFlashEEBuffer
                0x00000000       0x20 .\CortexM3\ARM_GCC_541\Debug\Sumo.a(CyFlash.o)
 .text.CyWriteRowFull
                0x00000000       0xf8 .\CortexM3\ARM_GCC_541\Debug\Sumo.a(CyFlash.o)
 .text.CyWriteRowData
                0x00000000       0x14 .\CortexM3\ARM_GCC_541\Debug\Sumo.a(CyFlash.o)
 .text.CyFlash_SetWaitCycles
                0x00000000       0x7c .\CortexM3\ARM_GCC_541\Debug\Sumo.a(CyFlash.o)
 .text.CyEEPROM_Start
                0x00000000       0x54 .\CortexM3\ARM_GCC_541\Debug\Sumo.a(CyFlash.o)
 .text.CyEEPROM_Stop
                0x00000000       0x24 .\CortexM3\ARM_GCC_541\Debug\Sumo.a(CyFlash.o)
 .text.CyEEPROM_ReadReserve
                0x00000000       0x1c .\CortexM3\ARM_GCC_541\Debug\Sumo.a(CyFlash.o)
 .text.CyEEPROM_ReadRelease
                0x00000000       0x10 .\CortexM3\ARM_GCC_541\Debug\Sumo.a(CyFlash.o)
 COMMON         0x00000000        0x2 .\CortexM3\ARM_GCC_541\Debug\Sumo.a(CyFlash.o)
 .text          0x00000000        0x0 .\CortexM3\ARM_GCC_541\Debug\Sumo.a(CySpc.o)
 .data          0x00000000        0x0 .\CortexM3\ARM_GCC_541\Debug\Sumo.a(CySpc.o)
 .bss           0x00000000        0x8 .\CortexM3\ARM_GCC_541\Debug\Sumo.a(CySpc.o)
 .text.CySpcStart
                0x00000000       0x24 .\CortexM3\ARM_GCC_541\Debug\Sumo.a(CySpc.o)
 .text.CySpcStop
                0x00000000       0x24 .\CortexM3\ARM_GCC_541\Debug\Sumo.a(CySpc.o)
 .text.CySpcReadData
                0x00000000       0x34 .\CortexM3\ARM_GCC_541\Debug\Sumo.a(CySpc.o)
 .text.CySpcLoadMultiByte
                0x00000000       0x78 .\CortexM3\ARM_GCC_541\Debug\Sumo.a(CySpc.o)
 .text.CySpcLoadRow
                0x00000000       0x50 .\CortexM3\ARM_GCC_541\Debug\Sumo.a(CySpc.o)
 .text.CySpcLoadRowFull
                0x00000000       0x80 .\CortexM3\ARM_GCC_541\Debug\Sumo.a(CySpc.o)
 .text.CySpcWriteRow
                0x00000000       0x4c .\CortexM3\ARM_GCC_541\Debug\Sumo.a(CySpc.o)
 .text.CySpcEraseSector
                0x00000000       0x3c .\CortexM3\ARM_GCC_541\Debug\Sumo.a(CySpc.o)
 .text.CySpcEraseRow
                0x00000000       0x4c .\CortexM3\ARM_GCC_541\Debug\Sumo.a(CySpc.o)
 .text.CySpcGetTemp
                0x00000000       0x3c .\CortexM3\ARM_GCC_541\Debug\Sumo.a(CySpc.o)
 .text.CySpcLock
                0x00000000       0x4c .\CortexM3\ARM_GCC_541\Debug\Sumo.a(CySpc.o)
 .text.CySpcUnlock
                0x00000000       0x38 .\CortexM3\ARM_GCC_541\Debug\Sumo.a(CySpc.o)
 .text.CySpcGetAlgorithm
                0x00000000       0x28 .\CortexM3\ARM_GCC_541\Debug\Sumo.a(CySpc.o)
 .data          0x00000000        0x0 c:/program files (x86)/cypress/psoc creator/4.2/psoc creator/import/gnu/arm/5.4.1/bin/../lib/gcc/arm-none-eabi/5.4.1/armv7-m\libgcc.a(_arm_addsubdf3.o)
 .bss           0x00000000        0x0 c:/program files (x86)/cypress/psoc creator/4.2/psoc creator/import/gnu/arm/5.4.1/bin/../lib/gcc/arm-none-eabi/5.4.1/armv7-m\libgcc.a(_arm_addsubdf3.o)
 .data          0x00000000        0x0 c:/program files (x86)/cypress/psoc creator/4.2/psoc creator/import/gnu/arm/5.4.1/bin/../lib/gcc/arm-none-eabi/5.4.1/armv7-m\libgcc.a(_arm_muldivdf3.o)
 .bss           0x00000000        0x0 c:/program files (x86)/cypress/psoc creator/4.2/psoc creator/import/gnu/arm/5.4.1/bin/../lib/gcc/arm-none-eabi/5.4.1/armv7-m\libgcc.a(_arm_muldivdf3.o)
 .data          0x00000000        0x0 c:/program files (x86)/cypress/psoc creator/4.2/psoc creator/import/gnu/arm/5.4.1/bin/../lib/gcc/arm-none-eabi/5.4.1/armv7-m\libgcc.a(_arm_truncdfsf2.o)
 .bss           0x00000000        0x0 c:/program files (x86)/cypress/psoc creator/4.2/psoc creator/import/gnu/arm/5.4.1/bin/../lib/gcc/arm-none-eabi/5.4.1/armv7-m\libgcc.a(_arm_truncdfsf2.o)
 .data          0x00000000        0x0 c:/program files (x86)/cypress/psoc creator/4.2/psoc creator/import/gnu/arm/5.4.1/bin/../lib/gcc/arm-none-eabi/5.4.1/armv7-m\libgcc.a(_arm_cmpsf2.o)
 .bss           0x00000000        0x0 c:/program files (x86)/cypress/psoc creator/4.2/psoc creator/import/gnu/arm/5.4.1/bin/../lib/gcc/arm-none-eabi/5.4.1/armv7-m\libgcc.a(_arm_cmpsf2.o)
 .text          0x00000000        0x0 c:/program files (x86)/cypress/psoc creator/4.2/psoc creator/import/gnu/arm/5.4.1/bin/../lib/gcc/arm-none-eabi/5.4.1/../../../../arm-none-eabi/lib/armv7-m\libg_nano.a(lib_a-errno.o)
 .data          0x00000000        0x0 c:/program files (x86)/cypress/psoc creator/4.2/psoc creator/import/gnu/arm/5.4.1/bin/../lib/gcc/arm-none-eabi/5.4.1/../../../../arm-none-eabi/lib/armv7-m\libg_nano.a(lib_a-errno.o)
 .bss           0x00000000        0x0 c:/program files (x86)/cypress/psoc creator/4.2/psoc creator/import/gnu/arm/5.4.1/bin/../lib/gcc/arm-none-eabi/5.4.1/../../../../arm-none-eabi/lib/armv7-m\libg_nano.a(lib_a-errno.o)
 .text          0x00000000        0x0 c:/program files (x86)/cypress/psoc creator/4.2/psoc creator/import/gnu/arm/5.4.1/bin/../lib/gcc/arm-none-eabi/5.4.1/../../../../arm-none-eabi/lib/armv7-m\libg_nano.a(lib_a-exit.o)
 .data          0x00000000        0x0 c:/program files (x86)/cypress/psoc creator/4.2/psoc creator/import/gnu/arm/5.4.1/bin/../lib/gcc/arm-none-eabi/5.4.1/../../../../arm-none-eabi/lib/armv7-m\libg_nano.a(lib_a-exit.o)
 .bss           0x00000000        0x0 c:/program files (x86)/cypress/psoc creator/4.2/psoc creator/import/gnu/arm/5.4.1/bin/../lib/gcc/arm-none-eabi/5.4.1/../../../../arm-none-eabi/lib/armv7-m\libg_nano.a(lib_a-exit.o)
 .text.exit     0x00000000       0x28 c:/program files (x86)/cypress/psoc creator/4.2/psoc creator/import/gnu/arm/5.4.1/bin/../lib/gcc/arm-none-eabi/5.4.1/../../../../arm-none-eabi/lib/armv7-m\libg_nano.a(lib_a-exit.o)
 .text          0x00000000        0x0 c:/program files (x86)/cypress/psoc creator/4.2/psoc creator/import/gnu/arm/5.4.1/bin/../lib/gcc/arm-none-eabi/5.4.1/../../../../arm-none-eabi/lib/armv7-m\libg_nano.a(lib_a-impure.o)
 .data          0x00000000        0x0 c:/program files (x86)/cypress/psoc creator/4.2/psoc creator/import/gnu/arm/5.4.1/bin/../lib/gcc/arm-none-eabi/5.4.1/../../../../arm-none-eabi/lib/armv7-m\libg_nano.a(lib_a-impure.o)
 .bss           0x00000000        0x0 c:/program files (x86)/cypress/psoc creator/4.2/psoc creator/import/gnu/arm/5.4.1/bin/../lib/gcc/arm-none-eabi/5.4.1/../../../../arm-none-eabi/lib/armv7-m\libg_nano.a(lib_a-impure.o)
 .rodata._global_impure_ptr
                0x00000000        0x4 c:/program files (x86)/cypress/psoc creator/4.2/psoc creator/import/gnu/arm/5.4.1/bin/../lib/gcc/arm-none-eabi/5.4.1/../../../../arm-none-eabi/lib/armv7-m\libg_nano.a(lib_a-impure.o)
 .text          0x00000000        0x0 c:/program files (x86)/cypress/psoc creator/4.2/psoc creator/import/gnu/arm/5.4.1/bin/../lib/gcc/arm-none-eabi/5.4.1/../../../../arm-none-eabi/lib/armv7-m\libg_nano.a(lib_a-init.o)
 .data          0x00000000        0x0 c:/program files (x86)/cypress/psoc creator/4.2/psoc creator/import/gnu/arm/5.4.1/bin/../lib/gcc/arm-none-eabi/5.4.1/../../../../arm-none-eabi/lib/armv7-m\libg_nano.a(lib_a-init.o)
 .bss           0x00000000        0x0 c:/program files (x86)/cypress/psoc creator/4.2/psoc creator/import/gnu/arm/5.4.1/bin/../lib/gcc/arm-none-eabi/5.4.1/../../../../arm-none-eabi/lib/armv7-m\libg_nano.a(lib_a-init.o)
 .text          0x00000000        0x0 c:/program files (x86)/cypress/psoc creator/4.2/psoc creator/import/gnu/arm/5.4.1/bin/../lib/gcc/arm-none-eabi/5.4.1/../../../../arm-none-eabi/lib/armv7-m\libg_nano.a(lib_a-memcpy-stub.o)
 .data          0x00000000        0x0 c:/program files (x86)/cypress/psoc creator/4.2/psoc creator/import/gnu/arm/5.4.1/bin/../lib/gcc/arm-none-eabi/5.4.1/../../../../arm-none-eabi/lib/armv7-m\libg_nano.a(lib_a-memcpy-stub.o)
 .bss           0x00000000        0x0 c:/program files (x86)/cypress/psoc creator/4.2/psoc creator/import/gnu/arm/5.4.1/bin/../lib/gcc/arm-none-eabi/5.4.1/../../../../arm-none-eabi/lib/armv7-m\libg_nano.a(lib_a-memcpy-stub.o)
 .text          0x00000000        0x0 c:/program files (x86)/cypress/psoc creator/4.2/psoc creator/import/gnu/arm/5.4.1/bin/../lib/gcc/arm-none-eabi/5.4.1/../../../../arm-none-eabi/lib/armv7-m\libg_nano.a(lib_a-memset.o)
 .data          0x00000000        0x0 c:/program files (x86)/cypress/psoc creator/4.2/psoc creator/import/gnu/arm/5.4.1/bin/../lib/gcc/arm-none-eabi/5.4.1/../../../../arm-none-eabi/lib/armv7-m\libg_nano.a(lib_a-memset.o)
 .bss           0x00000000        0x0 c:/program files (x86)/cypress/psoc creator/4.2/psoc creator/import/gnu/arm/5.4.1/bin/../lib/gcc/arm-none-eabi/5.4.1/../../../../arm-none-eabi/lib/armv7-m\libg_nano.a(lib_a-memset.o)
 .text          0x00000000        0x0 c:/program files (x86)/cypress/psoc creator/4.2/psoc creator/import/gnu/arm/5.4.1/bin/../lib/gcc/arm-none-eabi/5.4.1/armv7-m/crtend.o
 .data          0x00000000        0x0 c:/program files (x86)/cypress/psoc creator/4.2/psoc creator/import/gnu/arm/5.4.1/bin/../lib/gcc/arm-none-eabi/5.4.1/armv7-m/crtend.o
 .bss           0x00000000        0x0 c:/program files (x86)/cypress/psoc creator/4.2/psoc creator/import/gnu/arm/5.4.1/bin/../lib/gcc/arm-none-eabi/5.4.1/armv7-m/crtend.o
 .text          0x00000000        0x0 c:/program files (x86)/cypress/psoc creator/4.2/psoc creator/import/gnu/arm/5.4.1/bin/../lib/gcc/arm-none-eabi/5.4.1/armv7-m/crtn.o
 .data          0x00000000        0x0 c:/program files (x86)/cypress/psoc creator/4.2/psoc creator/import/gnu/arm/5.4.1/bin/../lib/gcc/arm-none-eabi/5.4.1/armv7-m/crtn.o
 .bss           0x00000000        0x0 c:/program files (x86)/cypress/psoc creator/4.2/psoc creator/import/gnu/arm/5.4.1/bin/../lib/gcc/arm-none-eabi/5.4.1/armv7-m/crtn.o

Memory Configuration

Name             Origin             Length             Attributes
rom              0x00000000         0x00040000         xr
ram              0x1fff8000         0x00010000         xrw
*default*        0x00000000         0xffffffff

Linker script and memory map

LOAD c:/program files (x86)/cypress/psoc creator/4.2/psoc creator/import/gnu/arm/5.4.1/bin/../lib/gcc/arm-none-eabi/5.4.1/armv7-m/crti.o
LOAD c:/program files (x86)/cypress/psoc creator/4.2/psoc creator/import/gnu/arm/5.4.1/bin/../lib/gcc/arm-none-eabi/5.4.1/armv7-m/crtbegin.o
LOAD c:/program files (x86)/cypress/psoc creator/4.2/psoc creator/import/gnu/arm/5.4.1/bin/../lib/gcc/arm-none-eabi/5.4.1/../../../../arm-none-eabi/lib/armv7-m/crt0.o
START GROUP
LOAD .\CortexM3\ARM_GCC_541\Debug\main.o
LOAD .\CortexM3\ARM_GCC_541\Debug\cyfitter_cfg.o
LOAD .\CortexM3\ARM_GCC_541\Debug\cymetadata.o
LOAD .\CortexM3\ARM_GCC_541\Debug\Cm3Start.o
LOAD .\CortexM3\ARM_GCC_541\Debug\Sumo.a
LOAD C:\Program Files (x86)\Cypress\PSoC Creator\4.2\PSoC Creator\psoc\content\cycomponentlibrary\CyComponentLibrary.cylib\CortexM3\ARM_GCC_541\Debug\CyComponentLibrary.a
END GROUP
START GROUP
LOAD c:/program files (x86)/cypress/psoc creator/4.2/psoc creator/import/gnu/arm/5.4.1/bin/../lib/gcc/arm-none-eabi/5.4.1/armv7-m\libgcc.a
LOAD c:/program files (x86)/cypress/psoc creator/4.2/psoc creator/import/gnu/arm/5.4.1/bin/../lib/gcc/arm-none-eabi/5.4.1/../../../../arm-none-eabi/lib/armv7-m\libg_nano.a
LOAD c:/program files (x86)/cypress/psoc creator/4.2/psoc creator/import/gnu/arm/5.4.1/bin/../lib/gcc/arm-none-eabi/5.4.1/../../../../arm-none-eabi/lib/armv7-m\libc_nano.a
END GROUP
START GROUP
LOAD c:/program files (x86)/cypress/psoc creator/4.2/psoc creator/import/gnu/arm/5.4.1/bin/../lib/gcc/arm-none-eabi/5.4.1/armv7-m\libgcc.a
LOAD c:/program files (x86)/cypress/psoc creator/4.2/psoc creator/import/gnu/arm/5.4.1/bin/../lib/gcc/arm-none-eabi/5.4.1/../../../../arm-none-eabi/lib/armv7-m\libc_nano.a
END GROUP
LOAD c:/program files (x86)/cypress/psoc creator/4.2/psoc creator/import/gnu/arm/5.4.1/bin/../lib/gcc/arm-none-eabi/5.4.1/armv7-m/crtend.o
LOAD c:/program files (x86)/cypress/psoc creator/4.2/psoc creator/import/gnu/arm/5.4.1/bin/../lib/gcc/arm-none-eabi/5.4.1/armv7-m/crtn.o
START GROUP
LOAD c:/program files (x86)/cypress/psoc creator/4.2/psoc creator/import/gnu/arm/5.4.1/bin/../lib/gcc/arm-none-eabi/5.4.1/armv7-m\libgcc.a
LOAD c:/program files (x86)/cypress/psoc creator/4.2/psoc creator/import/gnu/arm/5.4.1/bin/../lib/gcc/arm-none-eabi/5.4.1/../../../../arm-none-eabi/lib/armv7-m\libc.a
LOAD c:/program files (x86)/cypress/psoc creator/4.2/psoc creator/import/gnu/arm/5.4.1/bin/../lib/gcc/arm-none-eabi/5.4.1/../../../../arm-none-eabi/lib/armv7-m\libnosys.a
END GROUP
                0x00000000                CY_APPL_ORIGIN = 0x0
                0x00000100                CY_FLASH_ROW_SIZE = 0x100
                0x00000020                CY_ECC_ROW_SIZE = 0x20
                0x00000000                CY_EE_IN_BTLDR = 0x0
                0x00000000                CY_APPL_LOADABLE = 0x0
                0x00000800                CY_EE_SIZE = 0x800
                0x00000001                CY_APPL_NUM = 0x1
                0x00000001                CY_APPL_MAX = 0x1
                0x00000040                CY_METADATA_SIZE = 0x40
                0x00000000                CY_APPL_LOADABLE = 0x0
                0x00000000                CY_CHECKSUM_EXCLUDE_SIZE = ALIGN (0x0, CY_FLASH_ROW_SIZE)
                [!provide]                PROVIDE (__cy_heap_start, _end)
                0x00000001                PROVIDE (__cy_region_num, ((__cy_regions_end - __cy_regions) / 0x10))
                0x20008000                PROVIDE (__cy_stack, (ORIGIN (ram) + LENGTH (ram)))
                [!provide]                PROVIDE (__cy_heap_end, (__cy_stack - 0x800))

.cybootloader   0x00000000        0x0
 *(.cybootloader)
                0x00000000                appl1_start = CY_APPL_ORIGIN?CY_APPL_ORIGIN:ALIGN (CY_FLASH_ROW_SIZE)
                0x0001ff00                appl2_start = (appl1_start + ALIGN ((((LENGTH (rom) - appl1_start) - (0x2 * CY_FLASH_ROW_SIZE)) / 0x2), CY_FLASH_ROW_SIZE))
                0x00000000                appl_start = (CY_APPL_NUM == 0x1)?appl1_start:appl2_start
                0x00000000                ecc_offset = ((appl_start / CY_FLASH_ROW_SIZE) * CY_ECC_ROW_SIZE)
                0x00000000                ee_offset = (CY_APPL_LOADABLE && ! (CY_EE_IN_BTLDR))?((CY_EE_SIZE / CY_APPL_MAX) * (CY_APPL_NUM - 0x1)):0x0
                0x00000800                ee_size = (CY_APPL_LOADABLE && ! (CY_EE_IN_BTLDR))?(CY_EE_SIZE / CY_APPL_MAX):CY_EE_SIZE
                [!provide]                PROVIDE (CY_ECC_OFFSET, ecc_offset)

.text           0x00000000     0x1356
 CREATE_OBJECT_SYMBOLS
                0x00000000                PROVIDE (__cy_interrupt_vector, RomVectors)
 *(.romvectors)
 .romvectors    0x00000000       0x10 .\CortexM3\ARM_GCC_541\Debug\Cm3Start.o
                0x00000000                RomVectors
                0x00000001                ASSERT ((. != __cy_interrupt_vector), No interrupt vector)
                0x00000001                ASSERT (CY_APPL_ORIGIN?(SIZEOF (.cybootloader) <= CY_APPL_ORIGIN):0x1, Wrong image location)
                0x00000010                PROVIDE (__cy_reset, Reset)
 *(.text.Reset)
 .text.Reset    0x00000010       0x18 .\CortexM3\ARM_GCC_541\Debug\Cm3Start.o
                0x00000010                Reset
                0x00000001                ASSERT ((. != __cy_reset), No reset code)
 *(.dma_init)
                0x00000001                ASSERT ((((appl_start + .) <= 0x10000) || 0x1), DMA Init must be within the first 64k of flash)
 *(.text .text.* .gnu.linkonce.t.*)
 .text          0x00000028       0x5c c:/program files (x86)/cypress/psoc creator/4.2/psoc creator/import/gnu/arm/5.4.1/bin/../lib/gcc/arm-none-eabi/5.4.1/armv7-m/crtbegin.o
 .text.Avanzar  0x00000084       0x24 .\CortexM3\ARM_GCC_541\Debug\main.o
                0x00000084                Avanzar
 .text.Retroceder
                0x000000a8       0x24 .\CortexM3\ARM_GCC_541\Debug\main.o
                0x000000a8                Retroceder
 .text.GirarD   0x000000cc       0x24 .\CortexM3\ARM_GCC_541\Debug\main.o
                0x000000cc                GirarD
 .text.GirarI   0x000000f0       0x24 .\CortexM3\ARM_GCC_541\Debug\main.o
                0x000000f0                GirarI
 .text.main     0x00000114      0x164 .\CortexM3\ARM_GCC_541\Debug\main.o
                0x00000114                main
 .text.CyClockStartupError
                0x00000278        0x4 .\CortexM3\ARM_GCC_541\Debug\cyfitter_cfg.o
 .text.cfg_write_bytes32
                0x0000027c       0x34 .\CortexM3\ARM_GCC_541\Debug\cyfitter_cfg.o
 .text.AnalogSetDefault
                0x000002b0       0x28 .\CortexM3\ARM_GCC_541\Debug\cyfitter_cfg.o
 .text.CYMEMZERO
                0x000002d8        0xc .\CortexM3\ARM_GCC_541\Debug\cyfitter_cfg.o
 .text.ClockSetup
                0x000002e4       0xc8 .\CortexM3\ARM_GCC_541\Debug\cyfitter_cfg.o
 .text.CYCONFIGCPY
                0x000003ac        0x8 .\CortexM3\ARM_GCC_541\Debug\cyfitter_cfg.o
 .text.cyfitter_cfg
                0x000003b4      0x114 .\CortexM3\ARM_GCC_541\Debug\cyfitter_cfg.o
                0x000003b4                cyfitter_cfg
 .text.IntDefaultHandler
                0x000004c8       0x10 .\CortexM3\ARM_GCC_541\Debug\Cm3Start.o
                0x000004c8                IntDefaultHandler
 .text.Start_c  0x000004d8       0x4c .\CortexM3\ARM_GCC_541\Debug\Cm3Start.o
                0x000004d8                Start_c
 .text.initialize_psoc
                0x00000524       0x68 .\CortexM3\ARM_GCC_541\Debug\Cm3Start.o
                0x00000524                initialize_psoc
 .text.PWM1_Enable
                0x0000058c       0x10 .\CortexM3\ARM_GCC_541\Debug\Sumo.a(PWM1.o)
                0x0000058c                PWM1_Enable
 .text.PWM1_WriteCounter
                0x0000059c        0xc .\CortexM3\ARM_GCC_541\Debug\Sumo.a(PWM1.o)
                0x0000059c                PWM1_WriteCounter
 .text.PWM1_WritePeriod
                0x000005a8        0xc .\CortexM3\ARM_GCC_541\Debug\Sumo.a(PWM1.o)
                0x000005a8                PWM1_WritePeriod
 .text.PWM1_WriteCompare1
                0x000005b4        0xc .\CortexM3\ARM_GCC_541\Debug\Sumo.a(PWM1.o)
                0x000005b4                PWM1_WriteCompare1
 .text.PWM1_WriteCompare2
                0x000005c0        0xc .\CortexM3\ARM_GCC_541\Debug\Sumo.a(PWM1.o)
                0x000005c0                PWM1_WriteCompare2
 .text.PWM1_SetInterruptMode
                0x000005cc        0xc .\CortexM3\ARM_GCC_541\Debug\Sumo.a(PWM1.o)
                0x000005cc                PWM1_SetInterruptMode
 .text.PWM1_ReadStatusRegister
                0x000005d8        0xc .\CortexM3\ARM_GCC_541\Debug\Sumo.a(PWM1.o)
                0x000005d8                PWM1_ReadStatusRegister
 .text.PWM1_ReadCapture
                0x000005e4        0xc .\CortexM3\ARM_GCC_541\Debug\Sumo.a(PWM1.o)
                0x000005e4                PWM1_ReadCapture
 .text.PWM1_ClearFIFO
                0x000005f0       0x14 .\CortexM3\ARM_GCC_541\Debug\Sumo.a(PWM1.o)
                0x000005f0                PWM1_ClearFIFO
 .text.PWM1_Init
                0x00000604       0x58 .\CortexM3\ARM_GCC_541\Debug\Sumo.a(PWM1.o)
                0x00000604                PWM1_Init
 .text.PWM1_Start
                0x0000065c       0x1c .\CortexM3\ARM_GCC_541\Debug\Sumo.a(PWM1.o)
                0x0000065c                PWM1_Start
 .text.PWM2_Enable
                0x00000678       0x10 .\CortexM3\ARM_GCC_541\Debug\Sumo.a(PWM2.o)
                0x00000678                PWM2_Enable
 .text.PWM2_WriteCounter
                0x00000688        0xc .\CortexM3\ARM_GCC_541\Debug\Sumo.a(PWM2.o)
                0x00000688                PWM2_WriteCounter
 .text.PWM2_WritePeriod
                0x00000694        0xc .\CortexM3\ARM_GCC_541\Debug\Sumo.a(PWM2.o)
                0x00000694                PWM2_WritePeriod
 .text.PWM2_WriteCompare1
                0x000006a0        0xc .\CortexM3\ARM_GCC_541\Debug\Sumo.a(PWM2.o)
                0x000006a0                PWM2_WriteCompare1
 .text.PWM2_WriteCompare2
                0x000006ac        0xc .\CortexM3\ARM_GCC_541\Debug\Sumo.a(PWM2.o)
                0x000006ac                PWM2_WriteCompare2
 .text.PWM2_SetInterruptMode
                0x000006b8        0xc .\CortexM3\ARM_GCC_541\Debug\Sumo.a(PWM2.o)
                0x000006b8                PWM2_SetInterruptMode
 .text.PWM2_ReadStatusRegister
                0x000006c4        0xc .\CortexM3\ARM_GCC_541\Debug\Sumo.a(PWM2.o)
                0x000006c4                PWM2_ReadStatusRegister
 .text.PWM2_ReadCapture
                0x000006d0        0xc .\CortexM3\ARM_GCC_541\Debug\Sumo.a(PWM2.o)
                0x000006d0                PWM2_ReadCapture
 .text.PWM2_ClearFIFO
                0x000006dc       0x14 .\CortexM3\ARM_GCC_541\Debug\Sumo.a(PWM2.o)
                0x000006dc                PWM2_ClearFIFO
 .text.PWM2_Init
                0x000006f0       0x58 .\CortexM3\ARM_GCC_541\Debug\Sumo.a(PWM2.o)
                0x000006f0                PWM2_Init
 .text.PWM2_Start
                0x00000748       0x1c .\CortexM3\ARM_GCC_541\Debug\Sumo.a(PWM2.o)
                0x00000748                PWM2_Start
 .text.STBY_Write
                0x00000764       0x18 .\CortexM3\ARM_GCC_541\Debug\Sumo.a(STBY.o)
                0x00000764                STBY_Write
 .text.Timer_Enable
                0x0000077c       0x28 .\CortexM3\ARM_GCC_541\Debug\Sumo.a(Timer.o)
                0x0000077c                Timer_Enable
 .text.Timer_SetInterruptMode
                0x000007a4        0xc .\CortexM3\ARM_GCC_541\Debug\Sumo.a(Timer.o)
                0x000007a4                Timer_SetInterruptMode
 .text.Timer_WritePeriod
                0x000007b0        0xc .\CortexM3\ARM_GCC_541\Debug\Sumo.a(Timer.o)
                0x000007b0                Timer_WritePeriod
 .text.Timer_WriteCounter
                0x000007bc        0xc .\CortexM3\ARM_GCC_541\Debug\Sumo.a(Timer.o)
                0x000007bc                Timer_WriteCounter
 .text.Timer_Init
                0x000007c8       0x8c .\CortexM3\ARM_GCC_541\Debug\Sumo.a(Timer.o)
                0x000007c8                Timer_Init
 .text.Timer_Start
                0x00000854       0x1c .\CortexM3\ARM_GCC_541\Debug\Sumo.a(Timer.o)
                0x00000854                Timer_Start
 .text.Timer_ReadCounter
                0x00000870       0x14 .\CortexM3\ARM_GCC_541\Debug\Sumo.a(Timer.o)
                0x00000870                Timer_ReadCounter
 .text.Control_Write
                0x00000884        0xc .\CortexM3\ARM_GCC_541\Debug\Sumo.a(Control.o)
                0x00000884                Control_Write
 .text.Ekko_Read
                0x00000890       0x10 .\CortexM3\ARM_GCC_541\Debug\Sumo.a(Ekko.o)
                0x00000890                Ekko_Read
 .text.CyDelay  0x000008a0       0x2c .\CortexM3\ARM_GCC_541\Debug\Sumo.a(CyLib.o)
                0x000008a0                CyDelay
 .text.Slinea_Write
                0x000008cc       0x18 .\CortexM3\ARM_GCC_541\Debug\Sumo.a(Slinea.o)
                0x000008cc                Slinea_Write
 .text.Slinea_SetDriveMode
                0x000008e4       0x18 .\CortexM3\ARM_GCC_541\Debug\Sumo.a(Slinea.o)
                0x000008e4                Slinea_SetDriveMode
 .text.Slinea_Read
                0x000008fc       0x10 .\CortexM3\ARM_GCC_541\Debug\Sumo.a(Slinea.o)
                0x000008fc                Slinea_Read
 .text.LED_Write
                0x0000090c       0x18 .\CortexM3\ARM_GCC_541\Debug\Sumo.a(LED.o)
                0x0000090c                LED_Write
 .text.Slinea1_Write
                0x00000924       0x18 .\CortexM3\ARM_GCC_541\Debug\Sumo.a(Slinea1.o)
                0x00000924                Slinea1_Write
 .text.Slinea1_SetDriveMode
                0x0000093c       0x18 .\CortexM3\ARM_GCC_541\Debug\Sumo.a(Slinea1.o)
                0x0000093c                Slinea1_SetDriveMode
 .text.Slinea1_Read
                0x00000954       0x10 .\CortexM3\ARM_GCC_541\Debug\Sumo.a(Slinea1.o)
                0x00000954                Slinea1_Read
 .text.LED1_Write
                0x00000964       0x18 .\CortexM3\ARM_GCC_541\Debug\Sumo.a(LED1.o)
                0x00000964                LED1_Write
 .text.LED2_Write
                0x0000097c       0x18 .\CortexM3\ARM_GCC_541\Debug\Sumo.a(LED2.o)
                0x0000097c                LED2_Write
 *fill*         0x00000994        0x4 
 .text          0x00000998       0x20 .\CortexM3\ARM_GCC_541\Debug\Sumo.a(CyBootAsmGnu.o)
                0x00000998                CyDelayCycles
                0x000009a8                CyEnterCriticalSection
                0x000009b0                CyExitCriticalSection
 .text          0x000009b8      0x370 c:/program files (x86)/cypress/psoc creator/4.2/psoc creator/import/gnu/arm/5.4.1/bin/../lib/gcc/arm-none-eabi/5.4.1/armv7-m\libgcc.a(_arm_addsubdf3.o)
                0x000009b8                __aeabi_drsub
                0x000009c0                __aeabi_dsub
                0x000009c0                __subdf3
                0x000009c4                __aeabi_dadd
                0x000009c4                __adddf3
                0x00000c3c                __floatunsidf
                0x00000c3c                __aeabi_ui2d
                0x00000c5c                __floatsidf
                0x00000c5c                __aeabi_i2d
                0x00000c80                __aeabi_f2d
                0x00000c80                __extendsfdf2
                0x00000cbc                __floatundidf
                0x00000cbc                __aeabi_ul2d
                0x00000ccc                __floatdidf
                0x00000ccc                __aeabi_l2d
 .text          0x00000d28      0x424 c:/program files (x86)/cypress/psoc creator/4.2/psoc creator/import/gnu/arm/5.4.1/bin/../lib/gcc/arm-none-eabi/5.4.1/armv7-m\libgcc.a(_arm_muldivdf3.o)
                0x00000d28                __aeabi_dmul
                0x00000d28                __muldf3
                0x00000f7c                __divdf3
                0x00000f7c                __aeabi_ddiv
 .text          0x0000114c       0xa0 c:/program files (x86)/cypress/psoc creator/4.2/psoc creator/import/gnu/arm/5.4.1/bin/../lib/gcc/arm-none-eabi/5.4.1/armv7-m\libgcc.a(_arm_truncdfsf2.o)
                0x0000114c                __truncdfsf2
                0x0000114c                __aeabi_d2f
 .text          0x000011ec       0xec c:/program files (x86)/cypress/psoc creator/4.2/psoc creator/import/gnu/arm/5.4.1/bin/../lib/gcc/arm-none-eabi/5.4.1/armv7-m\libgcc.a(_arm_cmpsf2.o)
                0x000011ec                __gesf2
                0x000011ec                __gtsf2
                0x000011f4                __lesf2
                0x000011f4                __ltsf2
                0x000011fc                __nesf2
                0x000011fc                __eqsf2
                0x000011fc                __cmpsf2
                0x0000125c                __aeabi_cfrcmple
                0x00001264                __aeabi_cfcmpeq
                0x00001264                __aeabi_cfcmple
                0x00001274                __aeabi_fcmpeq
                0x00001288                __aeabi_fcmplt
                0x0000129c                __aeabi_fcmple
                0x000012b0                __aeabi_fcmpge
                0x000012c4                __aeabi_fcmpgt
 .text.__errno  0x000012d8        0xc c:/program files (x86)/cypress/psoc creator/4.2/psoc creator/import/gnu/arm/5.4.1/bin/../lib/gcc/arm-none-eabi/5.4.1/../../../../arm-none-eabi/lib/armv7-m\libg_nano.a(lib_a-errno.o)
                0x000012d8                __errno
 .text.__libc_init_array
                0x000012e4       0x4c c:/program files (x86)/cypress/psoc creator/4.2/psoc creator/import/gnu/arm/5.4.1/bin/../lib/gcc/arm-none-eabi/5.4.1/../../../../arm-none-eabi/lib/armv7-m\libg_nano.a(lib_a-init.o)
                0x000012e4                __libc_init_array
 .text.memcpy   0x00001330       0x16 c:/program files (x86)/cypress/psoc creator/4.2/psoc creator/import/gnu/arm/5.4.1/bin/../lib/gcc/arm-none-eabi/5.4.1/../../../../arm-none-eabi/lib/armv7-m\libg_nano.a(lib_a-memcpy-stub.o)
                0x00001330                memcpy
 .text.memset   0x00001346       0x10 c:/program files (x86)/cypress/psoc creator/4.2/psoc creator/import/gnu/arm/5.4.1/bin/../lib/gcc/arm-none-eabi/5.4.1/../../../../arm-none-eabi/lib/armv7-m\libg_nano.a(lib_a-memset.o)
                0x00001346                memset
 *(.plt)
 *(.gnu.warning)
 *(.glue_7t)
 .glue_7t       0x00001356        0x0 linker stubs
 *(.glue_7)
 .glue_7        0x00001356        0x0 linker stubs
 *(.vfp11_veneer)
 .vfp11_veneer  0x00001356        0x0 linker stubs
 *(.bootloader)
 *(.ARM.extab* .gnu.linkonce.armextab.*)
 *(.gcc_except_table)

.v4_bx          0x00001358        0x0
 .v4_bx         0x00001358        0x0 linker stubs

.iplt           0x00001358        0x0
 .iplt          0x00001358        0x0 c:/program files (x86)/cypress/psoc creator/4.2/psoc creator/import/gnu/arm/5.4.1/bin/../lib/gcc/arm-none-eabi/5.4.1/armv7-m/crtbegin.o

.eh_frame_hdr
 *(.eh_frame_hdr)

.eh_frame       0x00001358        0x4
 *(.eh_frame)
 .eh_frame      0x00001358        0x0 c:/program files (x86)/cypress/psoc creator/4.2/psoc creator/import/gnu/arm/5.4.1/bin/../lib/gcc/arm-none-eabi/5.4.1/armv7-m/crtbegin.o
 .eh_frame      0x00001358        0x4 c:/program files (x86)/cypress/psoc creator/4.2/psoc creator/import/gnu/arm/5.4.1/bin/../lib/gcc/arm-none-eabi/5.4.1/armv7-m/crtend.o
                [!provide]                PROVIDE (__exidx_start, .)

.ARM.exidx
 *(.ARM.exidx* .gnu.linkonce.armexidx.*)
                0x0000135c                __exidx_end = .

.rodata         0x0000135c       0x6c
 *(.rodata .rodata.* .gnu.linkonce.r.*)
 .rodata        0x0000135c       0x30 .\CortexM3\ARM_GCC_541\Debug\cyfitter_cfg.o
 .rodata.str1.1
                0x0000138c        0x2 c:/program files (x86)/cypress/psoc creator/4.2/psoc creator/import/gnu/arm/5.4.1/bin/../lib/gcc/arm-none-eabi/5.4.1/../../../../arm-none-eabi/lib/armv7-m\libg_nano.a(lib_a-impure.o)
                0x00001390                . = ALIGN (0x4)
 *fill*         0x0000138e        0x2 
 *(.init)
 .init          0x00001390        0x4 c:/program files (x86)/cypress/psoc creator/4.2/psoc creator/import/gnu/arm/5.4.1/bin/../lib/gcc/arm-none-eabi/5.4.1/armv7-m/crti.o
                0x00001390                _init
 .init          0x00001394        0x8 c:/program files (x86)/cypress/psoc creator/4.2/psoc creator/import/gnu/arm/5.4.1/bin/../lib/gcc/arm-none-eabi/5.4.1/armv7-m/crtn.o
                0x0000139c                . = ALIGN (0x4)
                0x0000139c                __preinit_array_start = .
 *(.preinit_array)
                0x0000139c                __preinit_array_end = .
                0x0000139c                . = ALIGN (0x4)
                0x0000139c                __init_array_start = .
 *(SORT(.init_array.*))
 *(.init_array)
 .init_array    0x0000139c        0x4 c:/program files (x86)/cypress/psoc creator/4.2/psoc creator/import/gnu/arm/5.4.1/bin/../lib/gcc/arm-none-eabi/5.4.1/armv7-m/crtbegin.o
 .init_array    0x000013a0        0x4 .\CortexM3\ARM_GCC_541\Debug\Cm3Start.o
                0x000013a4                __init_array_end = .
                0x000013a4                . = ALIGN (0x4)
 *(.fini)
 .fini          0x000013a4        0x4 c:/program files (x86)/cypress/psoc creator/4.2/psoc creator/import/gnu/arm/5.4.1/bin/../lib/gcc/arm-none-eabi/5.4.1/armv7-m/crti.o
                0x000013a4                _fini
 .fini          0x000013a8        0x8 c:/program files (x86)/cypress/psoc creator/4.2/psoc creator/import/gnu/arm/5.4.1/bin/../lib/gcc/arm-none-eabi/5.4.1/armv7-m/crtn.o
                0x000013b0                . = ALIGN (0x4)
                0x000013b0                __fini_array_start = .
 *(.fini_array)
 .fini_array    0x000013b0        0x4 c:/program files (x86)/cypress/psoc creator/4.2/psoc creator/import/gnu/arm/5.4.1/bin/../lib/gcc/arm-none-eabi/5.4.1/armv7-m/crtbegin.o
 *(SORT(.fini_array.*))
                0x000013b4                __fini_array_end = .
                0x000013b4                . = ALIGN (0x4)
 *crtbegin.o(.ctors)
 *(EXCLUDE_FILE(*crtend.o) .ctors)
 *(SORT(.ctors.*))
 *crtend.o(.ctors)
                0x000013b4                . = ALIGN (0x4)
 *crtbegin.o(.dtors)
 *(EXCLUDE_FILE(*crtend.o) .dtors)
 *(SORT(.dtors.*))
 *crtend.o(.dtors)
                0x000013b4                . = ALIGN (0x4)
                0x000013b4                __cy_regions = .
                0x000013b4        0x4 LONG 0x13c8 __cy_region_init_ram
                0x000013b8        0x4 LONG 0x1fff80c8 __cy_region_start_data
                0x000013bc        0x4 LONG 0x80 __cy_region_init_size_ram
                0x000013c0        0x4 LONG 0x30 __cy_region_zero_size_ram
                0x000013c4                __cy_regions_end = .
                0x000013c8                . = ALIGN (0x8)
 *fill*         0x000013c4        0x4 
                0x000013c8                _etext = .

.cy_checksum_exclude
                0x000013c8        0x0
 *(.cy_checksum_exclude)

.ramvectors     0x1fff8000       0xc0
                0x1fff8000                __cy_region_start_ram = .
 *(.ramvectors)
 .ramvectors    0x1fff8000       0xc0 .\CortexM3\ARM_GCC_541\Debug\Cm3Start.o
                0x1fff8000                CyRamVectors

.noinit         0x1fff80c0        0x1
 *(.noinit)
 .noinit        0x1fff80c0        0x1 .\CortexM3\ARM_GCC_541\Debug\Sumo.a(CyLib.o)
                0x1fff80c0                CyResetStatus

.data           0x1fff80c8       0x80 load address 0x000013c8
                0x1fff80c8                __cy_region_start_data = .
 *(.jcr)
 .jcr           0x1fff80c8        0x0 c:/program files (x86)/cypress/psoc creator/4.2/psoc creator/import/gnu/arm/5.4.1/bin/../lib/gcc/arm-none-eabi/5.4.1/armv7-m/crtbegin.o
 .jcr           0x1fff80c8        0x4 c:/program files (x86)/cypress/psoc creator/4.2/psoc creator/import/gnu/arm/5.4.1/bin/../lib/gcc/arm-none-eabi/5.4.1/armv7-m/crtend.o
 *(.got.plt)
 *(.got)
 *(.shdata)
 *(.data .data.* .gnu.linkonce.d.*)
 .data          0x1fff80cc        0x4 .\CortexM3\ARM_GCC_541\Debug\main.o
                0x1fff80cc                Distancia
 .data          0x1fff80d0       0x10 .\CortexM3\ARM_GCC_541\Debug\Sumo.a(CyLib.o)
                0x1fff80d0                cydelay_32k_ms
                0x1fff80d4                cydelay_freq_khz
                0x1fff80d8                cydelay_freq_mhz
                0x1fff80dc                cydelay_freq_hz
 .data.impure_data
                0x1fff80e0       0x60 c:/program files (x86)/cypress/psoc creator/4.2/psoc creator/import/gnu/arm/5.4.1/bin/../lib/gcc/arm-none-eabi/5.4.1/../../../../arm-none-eabi/lib/armv7-m\libg_nano.a(lib_a-impure.o)
 .data._impure_ptr
                0x1fff8140        0x4 c:/program files (x86)/cypress/psoc creator/4.2/psoc creator/import/gnu/arm/5.4.1/bin/../lib/gcc/arm-none-eabi/5.4.1/../../../../arm-none-eabi/lib/armv7-m\libg_nano.a(lib_a-impure.o)
                0x1fff8140                _impure_ptr
                0x1fff8148                . = ALIGN (0x8)
 *fill*         0x1fff8144        0x4 
 *(.ram)
                0x1fff8148                _edata = .

.igot.plt       0x1fff8148        0x0 load address 0x00001448
 .igot.plt      0x1fff8148        0x0 c:/program files (x86)/cypress/psoc creator/4.2/psoc creator/import/gnu/arm/5.4.1/bin/../lib/gcc/arm-none-eabi/5.4.1/armv7-m/crtbegin.o

.bss            0x1fff8148       0x30 load address 0x00001448
                0x1fff8148                PROVIDE (__bss_start__, .)
 *(.shbss)
 *(.bss .bss.* .gnu.linkonce.b.*)
 .bss           0x1fff8148       0x1c c:/program files (x86)/cypress/psoc creator/4.2/psoc creator/import/gnu/arm/5.4.1/bin/../lib/gcc/arm-none-eabi/5.4.1/armv7-m/crtbegin.o
 .bss           0x1fff8164        0xc .\CortexM3\ARM_GCC_541\Debug\main.o
                0x1fff8164                Contador
                0x1fff8168                time
                0x1fff816c                time1
 .bss           0x1fff8170        0x1 .\CortexM3\ARM_GCC_541\Debug\Sumo.a(PWM1.o)
                0x1fff8170                PWM1_initVar
 .bss           0x1fff8171        0x1 .\CortexM3\ARM_GCC_541\Debug\Sumo.a(PWM2.o)
                0x1fff8171                PWM2_initVar
 .bss           0x1fff8172        0x1 .\CortexM3\ARM_GCC_541\Debug\Sumo.a(Timer.o)
                0x1fff8172                Timer_initVar
 *(COMMON)
                0x1fff8178                . = ALIGN (0x8)
 *fill*         0x1fff8173        0x5 
 *(.ram.b)
                0x1fff8178                _end = .
                0x1fff8178                __end = .
                0x1fff8178                PROVIDE (end, .)
                0x1fff8178                PROVIDE (__bss_end__, .)
                0x000013c8                __cy_region_init_ram = LOADADDR (.data)
                0x00000080                __cy_region_init_size_ram = (_edata - ADDR (.data))
                0x00000030                __cy_region_zero_size_ram = (_end - _edata)

.heap           0x1fff8178       0x80 load address 0x00001448
                0x1fff8178                . = _end
                0x1fff81f8                . = (. + 0x80)
 *fill*         0x1fff8178       0x80 
                0x1fff81f8                __cy_heap_limit = .

.stack          0x20007800      0x800
                0x20007800                __cy_stack_limit = .
                0x20008000                . = (. + 0x800)
 *fill*         0x20007800      0x800 
                0x00000001                ASSERT ((__cy_stack_limit >= __cy_heap_limit), region RAM overflowed with stack)
                0x00000000                cy_checksum_exclude_size = (CY_APPL_LOADABLE == 0x1)?SIZEOF (.cy_checksum_exclude):0x0
                0x00000001                ASSERT ((cy_checksum_exclude_size <= CY_CHECKSUM_EXCLUDE_SIZE), CY_BOOT: Section .cy_checksum_exclude size exceedes specified limit.)

.cyloadermeta
 *(.cyloadermeta)

.cyloadablemeta
 *(.cyloadablemeta)

.cyconfigecc    0x80000000      0x22c
 *(.cyconfigecc)
 .cyconfigecc   0x80000000      0x22c .\CortexM3\ARM_GCC_541\Debug\cymetadata.o
                0x80000000                cy_meta_configecc

.cycustnvl      0x90000000        0x4
 *(.cycustnvl)
 .cycustnvl     0x90000000        0x4 .\CortexM3\ARM_GCC_541\Debug\cymetadata.o
                0x90000000                cy_meta_custnvl

.cywolatch      0x90100000        0x4
 *(.cywolatch)
 .cywolatch     0x90100000        0x4 .\CortexM3\ARM_GCC_541\Debug\cymetadata.o
                0x90100000                cy_meta_wonvl

.cyeeprom       0x90200000        0x0
 *(.cyeeprom)
                0x00000001                ASSERT ((. <= ((0x90200000 + ee_offset) + ee_size)), .cyeeprom data will not fit in EEPROM)

.cyflashprotect
                0x90400000      0x100
 *(.cyflashprotect)
 .cyflashprotect
                0x90400000      0x100 .\CortexM3\ARM_GCC_541\Debug\cymetadata.o
                0x90400000                cy_meta_flashprotect

.cymeta         0x90500000        0xc
 *(.cymeta)
 .cymeta        0x90500000        0xc .\CortexM3\ARM_GCC_541\Debug\cymetadata.o
                0x90500000                cy_metadata

.rel.dyn        0x00001448        0x0 load address 0x9050000c
 .rel.iplt      0x00001448        0x0 c:/program files (x86)/cypress/psoc creator/4.2/psoc creator/import/gnu/arm/5.4.1/bin/../lib/gcc/arm-none-eabi/5.4.1/armv7-m/crtbegin.o

.stab
 *(.stab)

.stabstr
 *(.stabstr)

.debug
 *(.debug)

.line
 *(.line)

.debug_srcinfo
 *(.debug_srcinfo)

.debug_sfnames
 *(.debug_sfnames)

.debug_aranges  0x00000000      0x988
 *(.debug_aranges)
 .debug_aranges
                0x00000000       0x58 .\CortexM3\ARM_GCC_541\Debug\main.o
 .debug_aranges
                0x00000058       0x58 .\CortexM3\ARM_GCC_541\Debug\cyfitter_cfg.o
 .debug_aranges
                0x000000b0       0x18 .\CortexM3\ARM_GCC_541\Debug\cymetadata.o
 .debug_aranges
                0x000000c8       0x48 .\CortexM3\ARM_GCC_541\Debug\Cm3Start.o
 .debug_aranges
                0x00000110       0xa8 .\CortexM3\ARM_GCC_541\Debug\Sumo.a(PWM1.o)
 .debug_aranges
                0x000001b8       0xa8 .\CortexM3\ARM_GCC_541\Debug\Sumo.a(PWM2.o)
 .debug_aranges
                0x00000260       0x38 .\CortexM3\ARM_GCC_541\Debug\Sumo.a(STBY.o)
 .debug_aranges
                0x00000298       0x88 .\CortexM3\ARM_GCC_541\Debug\Sumo.a(Timer.o)
 .debug_aranges
                0x00000320       0x28 .\CortexM3\ARM_GCC_541\Debug\Sumo.a(Control.o)
 .debug_aranges
                0x00000348       0x38 .\CortexM3\ARM_GCC_541\Debug\Sumo.a(Ekko.o)
 .debug_aranges
                0x00000380       0x48 .\CortexM3\ARM_GCC_541\Debug\Sumo.a(S1.o)
 .debug_aranges
                0x000003c8       0x48 .\CortexM3\ARM_GCC_541\Debug\Sumo.a(S2.o)
 .debug_aranges
                0x00000410      0x2a0 .\CortexM3\ARM_GCC_541\Debug\Sumo.a(CyLib.o)
 .debug_aranges
                0x000006b0       0x98 .\CortexM3\ARM_GCC_541\Debug\Sumo.a(cyPm.o)
 .debug_aranges
                0x00000748       0x38 .\CortexM3\ARM_GCC_541\Debug\Sumo.a(Slinea.o)
 .debug_aranges
                0x00000780       0x38 .\CortexM3\ARM_GCC_541\Debug\Sumo.a(LED.o)
 .debug_aranges
                0x000007b8       0x38 .\CortexM3\ARM_GCC_541\Debug\Sumo.a(Slinea1.o)
 .debug_aranges
                0x000007f0       0x38 .\CortexM3\ARM_GCC_541\Debug\Sumo.a(LED1.o)
 .debug_aranges
                0x00000828       0x38 .\CortexM3\ARM_GCC_541\Debug\Sumo.a(LED2.o)
 .debug_aranges
                0x00000860       0x20 .\CortexM3\ARM_GCC_541\Debug\Sumo.a(CyBootAsmGnu.o)
 .debug_aranges
                0x00000880       0x88 .\CortexM3\ARM_GCC_541\Debug\Sumo.a(CyFlash.o)
 .debug_aranges
                0x00000908       0x80 .\CortexM3\ARM_GCC_541\Debug\Sumo.a(CySpc.o)

.debug_pubnames
 *(.debug_pubnames)

.debug_info     0x00000000     0x4fc6
 *(.debug_info .gnu.linkonce.wi.*)
 .debug_info    0x00000000      0x6d2 .\CortexM3\ARM_GCC_541\Debug\main.o
 .debug_info    0x000006d2      0x513 .\CortexM3\ARM_GCC_541\Debug\cyfitter_cfg.o
 .debug_info    0x00000be5      0x135 .\CortexM3\ARM_GCC_541\Debug\cymetadata.o
 .debug_info    0x00000d1a      0x3bb .\CortexM3\ARM_GCC_541\Debug\Cm3Start.o
 .debug_info    0x000010d5      0x382 .\CortexM3\ARM_GCC_541\Debug\Sumo.a(PWM1.o)
 .debug_info    0x00001457      0x382 .\CortexM3\ARM_GCC_541\Debug\Sumo.a(PWM2.o)
 .debug_info    0x000017d9      0x11f .\CortexM3\ARM_GCC_541\Debug\Sumo.a(STBY.o)
 .debug_info    0x000018f8      0x293 .\CortexM3\ARM_GCC_541\Debug\Sumo.a(Timer.o)
 .debug_info    0x00001b8b       0xd6 .\CortexM3\ARM_GCC_541\Debug\Sumo.a(Control.o)
 .debug_info    0x00001c61      0x11f .\CortexM3\ARM_GCC_541\Debug\Sumo.a(Ekko.o)
 .debug_info    0x00001d80      0x174 .\CortexM3\ARM_GCC_541\Debug\Sumo.a(S1.o)
 .debug_info    0x00001ef4      0x174 .\CortexM3\ARM_GCC_541\Debug\Sumo.a(S2.o)
 .debug_info    0x00002068     0x1374 .\CortexM3\ARM_GCC_541\Debug\Sumo.a(CyLib.o)
 .debug_info    0x000033dc      0xa2a .\CortexM3\ARM_GCC_541\Debug\Sumo.a(cyPm.o)
 .debug_info    0x00003e06      0x11f .\CortexM3\ARM_GCC_541\Debug\Sumo.a(Slinea.o)
 .debug_info    0x00003f25      0x11f .\CortexM3\ARM_GCC_541\Debug\Sumo.a(LED.o)
 .debug_info    0x00004044      0x11f .\CortexM3\ARM_GCC_541\Debug\Sumo.a(Slinea1.o)
 .debug_info    0x00004163      0x11f .\CortexM3\ARM_GCC_541\Debug\Sumo.a(LED1.o)
 .debug_info    0x00004282      0x11f .\CortexM3\ARM_GCC_541\Debug\Sumo.a(LED2.o)
 .debug_info    0x000043a1       0x88 .\CortexM3\ARM_GCC_541\Debug\Sumo.a(CyBootAsmGnu.o)
 .debug_info    0x00004429      0x64d .\CortexM3\ARM_GCC_541\Debug\Sumo.a(CyFlash.o)
 .debug_info    0x00004a76      0x550 .\CortexM3\ARM_GCC_541\Debug\Sumo.a(CySpc.o)

.debug_abbrev   0x00000000     0x15a9
 *(.debug_abbrev)
 .debug_abbrev  0x00000000       0xfe .\CortexM3\ARM_GCC_541\Debug\main.o
 .debug_abbrev  0x000000fe      0x1fe .\CortexM3\ARM_GCC_541\Debug\cyfitter_cfg.o
 .debug_abbrev  0x000002fc       0x66 .\CortexM3\ARM_GCC_541\Debug\cymetadata.o
 .debug_abbrev  0x00000362      0x1e8 .\CortexM3\ARM_GCC_541\Debug\Cm3Start.o
 .debug_abbrev  0x0000054a      0x133 .\CortexM3\ARM_GCC_541\Debug\Sumo.a(PWM1.o)
 .debug_abbrev  0x0000067d      0x133 .\CortexM3\ARM_GCC_541\Debug\Sumo.a(PWM2.o)
 .debug_abbrev  0x000007b0       0x90 .\CortexM3\ARM_GCC_541\Debug\Sumo.a(STBY.o)
 .debug_abbrev  0x00000840      0x11a .\CortexM3\ARM_GCC_541\Debug\Sumo.a(Timer.o)
 .debug_abbrev  0x0000095a       0x81 .\CortexM3\ARM_GCC_541\Debug\Sumo.a(Control.o)
 .debug_abbrev  0x000009db       0x90 .\CortexM3\ARM_GCC_541\Debug\Sumo.a(Ekko.o)
 .debug_abbrev  0x00000a6b       0x90 .\CortexM3\ARM_GCC_541\Debug\Sumo.a(S1.o)
 .debug_abbrev  0x00000afb       0x90 .\CortexM3\ARM_GCC_541\Debug\Sumo.a(S2.o)
 .debug_abbrev  0x00000b8b      0x254 .\CortexM3\ARM_GCC_541\Debug\Sumo.a(CyLib.o)
 .debug_abbrev  0x00000ddf      0x1ab .\CortexM3\ARM_GCC_541\Debug\Sumo.a(cyPm.o)
 .debug_abbrev  0x00000f8a       0x90 .\CortexM3\ARM_GCC_541\Debug\Sumo.a(Slinea.o)
 .debug_abbrev  0x0000101a       0x90 .\CortexM3\ARM_GCC_541\Debug\Sumo.a(LED.o)
 .debug_abbrev  0x000010aa       0x90 .\CortexM3\ARM_GCC_541\Debug\Sumo.a(Slinea1.o)
 .debug_abbrev  0x0000113a       0x90 .\CortexM3\ARM_GCC_541\Debug\Sumo.a(LED1.o)
 .debug_abbrev  0x000011ca       0x90 .\CortexM3\ARM_GCC_541\Debug\Sumo.a(LED2.o)
 .debug_abbrev  0x0000125a       0x14 .\CortexM3\ARM_GCC_541\Debug\Sumo.a(CyBootAsmGnu.o)
 .debug_abbrev  0x0000126e      0x1a7 .\CortexM3\ARM_GCC_541\Debug\Sumo.a(CyFlash.o)
 .debug_abbrev  0x00001415      0x194 .\CortexM3\ARM_GCC_541\Debug\Sumo.a(CySpc.o)

.debug_line     0x00000000     0x22db
 *(.debug_line)
 .debug_line    0x00000000      0x2b6 .\CortexM3\ARM_GCC_541\Debug\main.o
 .debug_line    0x000002b6      0x1db .\CortexM3\ARM_GCC_541\Debug\cyfitter_cfg.o
 .debug_line    0x00000491      0x141 .\CortexM3\ARM_GCC_541\Debug\cymetadata.o
 .debug_line    0x000005d2      0x234 .\CortexM3\ARM_GCC_541\Debug\Cm3Start.o
 .debug_line    0x00000806      0x1a8 .\CortexM3\ARM_GCC_541\Debug\Sumo.a(PWM1.o)
 .debug_line    0x000009ae      0x1a8 .\CortexM3\ARM_GCC_541\Debug\Sumo.a(PWM2.o)
 .debug_line    0x00000b56       0x91 .\CortexM3\ARM_GCC_541\Debug\Sumo.a(STBY.o)
 .debug_line    0x00000be7      0x158 .\CortexM3\ARM_GCC_541\Debug\Sumo.a(Timer.o)
 .debug_line    0x00000d3f       0x6f .\CortexM3\ARM_GCC_541\Debug\Sumo.a(Control.o)
 .debug_line    0x00000dae       0x91 .\CortexM3\ARM_GCC_541\Debug\Sumo.a(Ekko.o)
 .debug_line    0x00000e3f       0xb3 .\CortexM3\ARM_GCC_541\Debug\Sumo.a(S1.o)
 .debug_line    0x00000ef2       0xb3 .\CortexM3\ARM_GCC_541\Debug\Sumo.a(S2.o)
 .debug_line    0x00000fa5      0x816 .\CortexM3\ARM_GCC_541\Debug\Sumo.a(CyLib.o)
 .debug_line    0x000017bb      0x367 .\CortexM3\ARM_GCC_541\Debug\Sumo.a(cyPm.o)
 .debug_line    0x00001b22       0x93 .\CortexM3\ARM_GCC_541\Debug\Sumo.a(Slinea.o)
 .debug_line    0x00001bb5       0x90 .\CortexM3\ARM_GCC_541\Debug\Sumo.a(LED.o)
 .debug_line    0x00001c45       0x94 .\CortexM3\ARM_GCC_541\Debug\Sumo.a(Slinea1.o)
 .debug_line    0x00001cd9       0x91 .\CortexM3\ARM_GCC_541\Debug\Sumo.a(LED1.o)
 .debug_line    0x00001d6a       0x91 .\CortexM3\ARM_GCC_541\Debug\Sumo.a(LED2.o)
 .debug_line    0x00001dfb       0x66 .\CortexM3\ARM_GCC_541\Debug\Sumo.a(CyBootAsmGnu.o)
 .debug_line    0x00001e61      0x21a .\CortexM3\ARM_GCC_541\Debug\Sumo.a(CyFlash.o)
 .debug_line    0x0000207b      0x260 .\CortexM3\ARM_GCC_541\Debug\Sumo.a(CySpc.o)

.debug_frame    0x00000000     0x167c
 *(.debug_frame)
 .debug_frame   0x00000000       0xf0 .\CortexM3\ARM_GCC_541\Debug\main.o
 .debug_frame   0x000000f0       0xe4 .\CortexM3\ARM_GCC_541\Debug\cyfitter_cfg.o
 .debug_frame   0x000001d4       0xb8 .\CortexM3\ARM_GCC_541\Debug\Cm3Start.o
 .debug_frame   0x0000028c      0x154 .\CortexM3\ARM_GCC_541\Debug\Sumo.a(PWM1.o)
 .debug_frame   0x000003e0      0x154 .\CortexM3\ARM_GCC_541\Debug\Sumo.a(PWM2.o)
 .debug_frame   0x00000534       0x50 .\CortexM3\ARM_GCC_541\Debug\Sumo.a(STBY.o)
 .debug_frame   0x00000584      0x108 .\CortexM3\ARM_GCC_541\Debug\Sumo.a(Timer.o)
 .debug_frame   0x0000068c       0x30 .\CortexM3\ARM_GCC_541\Debug\Sumo.a(Control.o)
 .debug_frame   0x000006bc       0x50 .\CortexM3\ARM_GCC_541\Debug\Sumo.a(Ekko.o)
 .debug_frame   0x0000070c       0x70 .\CortexM3\ARM_GCC_541\Debug\Sumo.a(S1.o)
 .debug_frame   0x0000077c       0x70 .\CortexM3\ARM_GCC_541\Debug\Sumo.a(S2.o)
 .debug_frame   0x000007ec      0x738 .\CortexM3\ARM_GCC_541\Debug\Sumo.a(CyLib.o)
 .debug_frame   0x00000f24      0x1f8 .\CortexM3\ARM_GCC_541\Debug\Sumo.a(cyPm.o)
 .debug_frame   0x0000111c       0x50 .\CortexM3\ARM_GCC_541\Debug\Sumo.a(Slinea.o)
 .debug_frame   0x0000116c       0x50 .\CortexM3\ARM_GCC_541\Debug\Sumo.a(LED.o)
 .debug_frame   0x000011bc       0x50 .\CortexM3\ARM_GCC_541\Debug\Sumo.a(Slinea1.o)
 .debug_frame   0x0000120c       0x50 .\CortexM3\ARM_GCC_541\Debug\Sumo.a(LED1.o)
 .debug_frame   0x0000125c       0x50 .\CortexM3\ARM_GCC_541\Debug\Sumo.a(LED2.o)
 .debug_frame   0x000012ac      0x194 .\CortexM3\ARM_GCC_541\Debug\Sumo.a(CyFlash.o)
 .debug_frame   0x00001440      0x180 .\CortexM3\ARM_GCC_541\Debug\Sumo.a(CySpc.o)
 .debug_frame   0x000015c0       0x20 c:/program files (x86)/cypress/psoc creator/4.2/psoc creator/import/gnu/arm/5.4.1/bin/../lib/gcc/arm-none-eabi/5.4.1/../../../../arm-none-eabi/lib/armv7-m\libg_nano.a(lib_a-errno.o)
 .debug_frame   0x000015e0       0x28 c:/program files (x86)/cypress/psoc creator/4.2/psoc creator/import/gnu/arm/5.4.1/bin/../lib/gcc/arm-none-eabi/5.4.1/../../../../arm-none-eabi/lib/armv7-m\libg_nano.a(lib_a-exit.o)
 .debug_frame   0x00001608       0x2c c:/program files (x86)/cypress/psoc creator/4.2/psoc creator/import/gnu/arm/5.4.1/bin/../lib/gcc/arm-none-eabi/5.4.1/../../../../arm-none-eabi/lib/armv7-m\libg_nano.a(lib_a-init.o)
 .debug_frame   0x00001634       0x28 c:/program files (x86)/cypress/psoc creator/4.2/psoc creator/import/gnu/arm/5.4.1/bin/../lib/gcc/arm-none-eabi/5.4.1/../../../../arm-none-eabi/lib/armv7-m\libg_nano.a(lib_a-memcpy-stub.o)
 .debug_frame   0x0000165c       0x20 c:/program files (x86)/cypress/psoc creator/4.2/psoc creator/import/gnu/arm/5.4.1/bin/../lib/gcc/arm-none-eabi/5.4.1/../../../../arm-none-eabi/lib/armv7-m\libg_nano.a(lib_a-memset.o)

.debug_str      0x00000000     0x1b0c
 *(.debug_str)
 .debug_str     0x00000000      0x2f9 .\CortexM3\ARM_GCC_541\Debug\main.o
                                0x346 (size before relaxing)
 .debug_str     0x000002f9      0x181 .\CortexM3\ARM_GCC_541\Debug\cyfitter_cfg.o
                                0x307 (size before relaxing)
 .debug_str     0x0000047a       0x7f .\CortexM3\ARM_GCC_541\Debug\cymetadata.o
                                0x1dc (size before relaxing)
 .debug_str     0x000004f9      0x144 .\CortexM3\ARM_GCC_541\Debug\Cm3Start.o
                                0x302 (size before relaxing)
 .debug_str     0x0000063d      0x1ae .\CortexM3\ARM_GCC_541\Debug\Sumo.a(PWM1.o)
                                0x35d (size before relaxing)
 .debug_str     0x000007eb      0x148 .\CortexM3\ARM_GCC_541\Debug\Sumo.a(PWM2.o)
                                0x35d (size before relaxing)
 .debug_str     0x00000933       0x5b .\CortexM3\ARM_GCC_541\Debug\Sumo.a(STBY.o)
                                0x1d5 (size before relaxing)
 .debug_str     0x0000098e      0x11f .\CortexM3\ARM_GCC_541\Debug\Sumo.a(Timer.o)
                                0x2ed (size before relaxing)
 .debug_str     0x00000aad       0x2e .\CortexM3\ARM_GCC_541\Debug\Sumo.a(Control.o)
                                0x1ad (size before relaxing)
 .debug_str     0x00000adb       0x4c .\CortexM3\ARM_GCC_541\Debug\Sumo.a(Ekko.o)
                                0x1d5 (size before relaxing)
 .debug_str     0x00000b27       0x69 .\CortexM3\ARM_GCC_541\Debug\Sumo.a(S1.o)
                                0x201 (size before relaxing)
 .debug_str     0x00000b90       0x60 .\CortexM3\ARM_GCC_541\Debug\Sumo.a(S2.o)
                                0x201 (size before relaxing)
 .debug_str     0x00000bf0      0x80b .\CortexM3\ARM_GCC_541\Debug\Sumo.a(CyLib.o)
                                0xa3f (size before relaxing)
 .debug_str     0x000013fb      0x365 .\CortexM3\ARM_GCC_541\Debug\Sumo.a(cyPm.o)
                                0x72b (size before relaxing)
 .debug_str     0x00001760       0x33 .\CortexM3\ARM_GCC_541\Debug\Sumo.a(Slinea.o)
                                0x1df (size before relaxing)
 .debug_str     0x00001793       0x47 .\CortexM3\ARM_GCC_541\Debug\Sumo.a(LED.o)
                                0x1d0 (size before relaxing)
 .debug_str     0x000017da       0x35 .\CortexM3\ARM_GCC_541\Debug\Sumo.a(Slinea1.o)
                                0x1e4 (size before relaxing)
 .debug_str     0x0000180f       0x4b .\CortexM3\ARM_GCC_541\Debug\Sumo.a(LED1.o)
                                0x1d5 (size before relaxing)
 .debug_str     0x0000185a       0x4b .\CortexM3\ARM_GCC_541\Debug\Sumo.a(LED2.o)
                                0x1d5 (size before relaxing)
 .debug_str     0x000018a5      0x1bb .\CortexM3\ARM_GCC_541\Debug\Sumo.a(CyFlash.o)
                                0x3b8 (size before relaxing)
 .debug_str     0x00001a60       0xac .\CortexM3\ARM_GCC_541\Debug\Sumo.a(CySpc.o)
                                0x330 (size before relaxing)

.debug_loc      0x00000000     0x1ce9
 *(.debug_loc)
 .debug_loc     0x00000000      0x1d7 .\CortexM3\ARM_GCC_541\Debug\cyfitter_cfg.o
 .debug_loc     0x000001d7      0x144 .\CortexM3\ARM_GCC_541\Debug\Cm3Start.o
 .debug_loc     0x0000031b       0x26 .\CortexM3\ARM_GCC_541\Debug\Sumo.a(PWM1.o)
 .debug_loc     0x00000341       0x26 .\CortexM3\ARM_GCC_541\Debug\Sumo.a(PWM2.o)
 .debug_loc     0x00000367       0x42 .\CortexM3\ARM_GCC_541\Debug\Sumo.a(STBY.o)
 .debug_loc     0x000003a9       0x42 .\CortexM3\ARM_GCC_541\Debug\Sumo.a(Ekko.o)
 .debug_loc     0x000003eb       0x84 .\CortexM3\ARM_GCC_541\Debug\Sumo.a(S1.o)
 .debug_loc     0x0000046f       0x84 .\CortexM3\ARM_GCC_541\Debug\Sumo.a(S2.o)
 .debug_loc     0x000004f3      0xa11 .\CortexM3\ARM_GCC_541\Debug\Sumo.a(CyLib.o)
 .debug_loc     0x00000f04      0x1e4 .\CortexM3\ARM_GCC_541\Debug\Sumo.a(cyPm.o)
 .debug_loc     0x000010e8       0x42 .\CortexM3\ARM_GCC_541\Debug\Sumo.a(Slinea.o)
 .debug_loc     0x0000112a       0x42 .\CortexM3\ARM_GCC_541\Debug\Sumo.a(LED.o)
 .debug_loc     0x0000116c       0x42 .\CortexM3\ARM_GCC_541\Debug\Sumo.a(Slinea1.o)
 .debug_loc     0x000011ae       0x42 .\CortexM3\ARM_GCC_541\Debug\Sumo.a(LED1.o)
 .debug_loc     0x000011f0       0x42 .\CortexM3\ARM_GCC_541\Debug\Sumo.a(LED2.o)
 .debug_loc     0x00001232      0x3b2 .\CortexM3\ARM_GCC_541\Debug\Sumo.a(CyFlash.o)
 .debug_loc     0x000015e4      0x705 .\CortexM3\ARM_GCC_541\Debug\Sumo.a(CySpc.o)

.debug_macinfo
 *(.debug_macinfo)

.debug_ranges   0x00000000      0x810
 *(.debug_ranges)
 .debug_ranges  0x00000000       0x48 .\CortexM3\ARM_GCC_541\Debug\main.o
 .debug_ranges  0x00000048       0x48 .\CortexM3\ARM_GCC_541\Debug\cyfitter_cfg.o
 .debug_ranges  0x00000090       0x38 .\CortexM3\ARM_GCC_541\Debug\Cm3Start.o
 .debug_ranges  0x000000c8       0x98 .\CortexM3\ARM_GCC_541\Debug\Sumo.a(PWM1.o)
 .debug_ranges  0x00000160       0x98 .\CortexM3\ARM_GCC_541\Debug\Sumo.a(PWM2.o)
 .debug_ranges  0x000001f8       0x28 .\CortexM3\ARM_GCC_541\Debug\Sumo.a(STBY.o)
 .debug_ranges  0x00000220       0x78 .\CortexM3\ARM_GCC_541\Debug\Sumo.a(Timer.o)
 .debug_ranges  0x00000298       0x18 .\CortexM3\ARM_GCC_541\Debug\Sumo.a(Control.o)
 .debug_ranges  0x000002b0       0x28 .\CortexM3\ARM_GCC_541\Debug\Sumo.a(Ekko.o)
 .debug_ranges  0x000002d8       0x38 .\CortexM3\ARM_GCC_541\Debug\Sumo.a(S1.o)
 .debug_ranges  0x00000310       0x38 .\CortexM3\ARM_GCC_541\Debug\Sumo.a(S2.o)
 .debug_ranges  0x00000348      0x290 .\CortexM3\ARM_GCC_541\Debug\Sumo.a(CyLib.o)
 .debug_ranges  0x000005d8       0x88 .\CortexM3\ARM_GCC_541\Debug\Sumo.a(cyPm.o)
 .debug_ranges  0x00000660       0x28 .\CortexM3\ARM_GCC_541\Debug\Sumo.a(Slinea.o)
 .debug_ranges  0x00000688       0x28 .\CortexM3\ARM_GCC_541\Debug\Sumo.a(LED.o)
 .debug_ranges  0x000006b0       0x28 .\CortexM3\ARM_GCC_541\Debug\Sumo.a(Slinea1.o)
 .debug_ranges  0x000006d8       0x28 .\CortexM3\ARM_GCC_541\Debug\Sumo.a(LED1.o)
 .debug_ranges  0x00000700       0x28 .\CortexM3\ARM_GCC_541\Debug\Sumo.a(LED2.o)
 .debug_ranges  0x00000728       0x78 .\CortexM3\ARM_GCC_541\Debug\Sumo.a(CyFlash.o)
 .debug_ranges  0x000007a0       0x70 .\CortexM3\ARM_GCC_541\Debug\Sumo.a(CySpc.o)

.comment        0x00000000       0x6e
 .comment       0x00000000       0x6e .\CortexM3\ARM_GCC_541\Debug\main.o
                                 0x6f (size before relaxing)
 .comment       0x0000006e       0x6f .\CortexM3\ARM_GCC_541\Debug\cyfitter_cfg.o
 .comment       0x0000006e       0x6f .\CortexM3\ARM_GCC_541\Debug\cymetadata.o
 .comment       0x0000006e       0x6f .\CortexM3\ARM_GCC_541\Debug\Cm3Start.o
 .comment       0x0000006e       0x6f .\CortexM3\ARM_GCC_541\Debug\Sumo.a(PWM1.o)
 .comment       0x0000006e       0x6f .\CortexM3\ARM_GCC_541\Debug\Sumo.a(PWM2.o)
 .comment       0x0000006e       0x6f .\CortexM3\ARM_GCC_541\Debug\Sumo.a(STBY.o)
 .comment       0x0000006e       0x6f .\CortexM3\ARM_GCC_541\Debug\Sumo.a(Timer.o)
 .comment       0x0000006e       0x6f .\CortexM3\ARM_GCC_541\Debug\Sumo.a(Control.o)
 .comment       0x0000006e       0x6f .\CortexM3\ARM_GCC_541\Debug\Sumo.a(Ekko.o)
 .comment       0x0000006e       0x6f .\CortexM3\ARM_GCC_541\Debug\Sumo.a(S1.o)
 .comment       0x0000006e       0x6f .\CortexM3\ARM_GCC_541\Debug\Sumo.a(S2.o)
 .comment       0x0000006e       0x6f .\CortexM3\ARM_GCC_541\Debug\Sumo.a(CyLib.o)
 .comment       0x0000006e       0x6f .\CortexM3\ARM_GCC_541\Debug\Sumo.a(cyPm.o)
 .comment       0x0000006e       0x6f .\CortexM3\ARM_GCC_541\Debug\Sumo.a(Slinea.o)
 .comment       0x0000006e       0x6f .\CortexM3\ARM_GCC_541\Debug\Sumo.a(LED.o)
 .comment       0x0000006e       0x6f .\CortexM3\ARM_GCC_541\Debug\Sumo.a(Slinea1.o)
 .comment       0x0000006e       0x6f .\CortexM3\ARM_GCC_541\Debug\Sumo.a(LED1.o)
 .comment       0x0000006e       0x6f .\CortexM3\ARM_GCC_541\Debug\Sumo.a(LED2.o)
 .comment       0x0000006e       0x6f .\CortexM3\ARM_GCC_541\Debug\Sumo.a(CyFlash.o)
 .comment       0x0000006e       0x6f .\CortexM3\ARM_GCC_541\Debug\Sumo.a(CySpc.o)

.debug_weaknames
 *(.debug_weaknames)

.debug_funcnames
 *(.debug_funcnames)

.debug_typenames
 *(.debug_typenames)

.debug_varnames
 *(.debug_varnames)

.note.gnu.arm.ident
 *(.note.gnu.arm.ident)

.ARM.attributes
                0x00000000       0x29
 *(.ARM.attributes)
 .ARM.attributes
                0x00000000       0x1d c:/program files (x86)/cypress/psoc creator/4.2/psoc creator/import/gnu/arm/5.4.1/bin/../lib/gcc/arm-none-eabi/5.4.1/armv7-m/crti.o
 .ARM.attributes
                0x0000001d       0x2d c:/program files (x86)/cypress/psoc creator/4.2/psoc creator/import/gnu/arm/5.4.1/bin/../lib/gcc/arm-none-eabi/5.4.1/armv7-m/crtbegin.o
 .ARM.attributes
                0x0000004a       0x1b c:/program files (x86)/cypress/psoc creator/4.2/psoc creator/import/gnu/arm/5.4.1/bin/../lib/gcc/arm-none-eabi/5.4.1/../../../../arm-none-eabi/lib/armv7-m/crt0.o
 .ARM.attributes
                0x00000065       0x33 .\CortexM3\ARM_GCC_541\Debug\main.o
 .ARM.attributes
                0x00000098       0x33 .\CortexM3\ARM_GCC_541\Debug\cyfitter_cfg.o
 .ARM.attributes
                0x000000cb       0x33 .\CortexM3\ARM_GCC_541\Debug\cymetadata.o
 .ARM.attributes
                0x000000fe       0x33 .\CortexM3\ARM_GCC_541\Debug\Cm3Start.o
 .ARM.attributes
                0x00000131       0x33 .\CortexM3\ARM_GCC_541\Debug\Sumo.a(PWM1.o)
 .ARM.attributes
                0x00000164       0x33 .\CortexM3\ARM_GCC_541\Debug\Sumo.a(PWM2.o)
 .ARM.attributes
                0x00000197       0x33 .\CortexM3\ARM_GCC_541\Debug\Sumo.a(STBY.o)
 .ARM.attributes
                0x000001ca       0x33 .\CortexM3\ARM_GCC_541\Debug\Sumo.a(Timer.o)
 .ARM.attributes
                0x000001fd       0x33 .\CortexM3\ARM_GCC_541\Debug\Sumo.a(Control.o)
 .ARM.attributes
                0x00000230       0x33 .\CortexM3\ARM_GCC_541\Debug\Sumo.a(Ekko.o)
 .ARM.attributes
                0x00000263       0x33 .\CortexM3\ARM_GCC_541\Debug\Sumo.a(S1.o)
 .ARM.attributes
                0x00000296       0x33 .\CortexM3\ARM_GCC_541\Debug\Sumo.a(S2.o)
 .ARM.attributes
                0x000002c9       0x33 .\CortexM3\ARM_GCC_541\Debug\Sumo.a(CyLib.o)
 .ARM.attributes
                0x000002fc       0x33 .\CortexM3\ARM_GCC_541\Debug\Sumo.a(cyPm.o)
 .ARM.attributes
                0x0000032f       0x33 .\CortexM3\ARM_GCC_541\Debug\Sumo.a(Slinea.o)
 .ARM.attributes
                0x00000362       0x33 .\CortexM3\ARM_GCC_541\Debug\Sumo.a(LED.o)
 .ARM.attributes
                0x00000395       0x33 .\CortexM3\ARM_GCC_541\Debug\Sumo.a(Slinea1.o)
 .ARM.attributes
                0x000003c8       0x33 .\CortexM3\ARM_GCC_541\Debug\Sumo.a(LED1.o)
 .ARM.attributes
                0x000003fb       0x33 .\CortexM3\ARM_GCC_541\Debug\Sumo.a(LED2.o)
 .ARM.attributes
                0x0000042e       0x21 .\CortexM3\ARM_GCC_541\Debug\Sumo.a(CyBootAsmGnu.o)
 .ARM.attributes
                0x0000044f       0x33 .\CortexM3\ARM_GCC_541\Debug\Sumo.a(CyFlash.o)
 .ARM.attributes
                0x00000482       0x33 .\CortexM3\ARM_GCC_541\Debug\Sumo.a(CySpc.o)
 .ARM.attributes
                0x000004b5       0x1d c:/program files (x86)/cypress/psoc creator/4.2/psoc creator/import/gnu/arm/5.4.1/bin/../lib/gcc/arm-none-eabi/5.4.1/armv7-m\libgcc.a(_arm_addsubdf3.o)
 .ARM.attributes
                0x000004d2       0x1d c:/program files (x86)/cypress/psoc creator/4.2/psoc creator/import/gnu/arm/5.4.1/bin/../lib/gcc/arm-none-eabi/5.4.1/armv7-m\libgcc.a(_arm_muldivdf3.o)
 .ARM.attributes
                0x000004ef       0x1d c:/program files (x86)/cypress/psoc creator/4.2/psoc creator/import/gnu/arm/5.4.1/bin/../lib/gcc/arm-none-eabi/5.4.1/armv7-m\libgcc.a(_arm_truncdfsf2.o)
 .ARM.attributes
                0x0000050c       0x1d c:/program files (x86)/cypress/psoc creator/4.2/psoc creator/import/gnu/arm/5.4.1/bin/../lib/gcc/arm-none-eabi/5.4.1/armv7-m\libgcc.a(_arm_cmpsf2.o)
 .ARM.attributes
                0x00000529       0x2d c:/program files (x86)/cypress/psoc creator/4.2/psoc creator/import/gnu/arm/5.4.1/bin/../lib/gcc/arm-none-eabi/5.4.1/../../../../arm-none-eabi/lib/armv7-m\libg_nano.a(lib_a-errno.o)
 .ARM.attributes
                0x00000556       0x2d c:/program files (x86)/cypress/psoc creator/4.2/psoc creator/import/gnu/arm/5.4.1/bin/../lib/gcc/arm-none-eabi/5.4.1/../../../../arm-none-eabi/lib/armv7-m\libg_nano.a(lib_a-exit.o)
 .ARM.attributes
                0x00000583       0x2d c:/program files (x86)/cypress/psoc creator/4.2/psoc creator/import/gnu/arm/5.4.1/bin/../lib/gcc/arm-none-eabi/5.4.1/../../../../arm-none-eabi/lib/armv7-m\libg_nano.a(lib_a-impure.o)
 .ARM.attributes
                0x000005b0       0x2d c:/program files (x86)/cypress/psoc creator/4.2/psoc creator/import/gnu/arm/5.4.1/bin/../lib/gcc/arm-none-eabi/5.4.1/../../../../arm-none-eabi/lib/armv7-m\libg_nano.a(lib_a-init.o)
 .ARM.attributes
                0x000005dd       0x2d c:/program files (x86)/cypress/psoc creator/4.2/psoc creator/import/gnu/arm/5.4.1/bin/../lib/gcc/arm-none-eabi/5.4.1/../../../../arm-none-eabi/lib/armv7-m\libg_nano.a(lib_a-memcpy-stub.o)
 .ARM.attributes
                0x0000060a       0x2d c:/program files (x86)/cypress/psoc creator/4.2/psoc creator/import/gnu/arm/5.4.1/bin/../lib/gcc/arm-none-eabi/5.4.1/../../../../arm-none-eabi/lib/armv7-m\libg_nano.a(lib_a-memset.o)
 .ARM.attributes
                0x00000637       0x2d c:/program files (x86)/cypress/psoc creator/4.2/psoc creator/import/gnu/arm/5.4.1/bin/../lib/gcc/arm-none-eabi/5.4.1/armv7-m/crtend.o
 .ARM.attributes
                0x00000664       0x1d c:/program files (x86)/cypress/psoc creator/4.2/psoc creator/import/gnu/arm/5.4.1/bin/../lib/gcc/arm-none-eabi/5.4.1/armv7-m/crtn.o

/DISCARD/
 *(.note.GNU-stack)
OUTPUT(C:\Users\jdrd3\Documents\PSoC Creator\Ejemplos\Sumo.cydsn\CortexM3\ARM_GCC_541\Debug\Sumo.elf elf32-littlearm)
